Warm-up 5s...
Running: iperf3 -c 217.18.95.142 -p 5205 -4 -B 192.168.101.201 -t 300 -i 1 -J -u -b 6M -l 1200
Cool-down 10s...
{
  "test": {
    "collector_version": "0.4.2",
    "created_local": "2026-08-14T11:39:32+03:00",
    "created_utc": "2026-08-14T08:39:32.955+00:00",
    "tag": "B_dual_6M_repair_retry1",
    "path": "lte1",
    "lte_interface": "lte1",
    "source_ip": "192.168.101.201",
    "linux_interface": "eno1",
    "server_hostname": "iperf-ams-nl.eranium.net",
    "server_ipv4": "217.18.95.142",
    "server_port": 5205,
    "port_probe": {
      "attempts": [
        {
          "port": 5205,
          "rc": 0,
          "stderr": "",
          "iperf_error": null,
          "bps": 3821180.963625796
        }
      ]
    },
    "protocol": "udp",
    "direction": "upload",
    "duration_s": 300,
    "warmup_s": 5,
    "cooldown_s": 10,
    "target_bitrate": "6M",
    "packet_length": 1200,
    "routing_mode": "source_ip_lab_mode",
    "routing_table": "to-lte1",
    "source_rule_comment": "ELMO TEST: source via lte1",
    "allow_concurrent_other_lte": true
  },
  "iperf": {
    "bits_per_second": 4754820.288554254,
    "mbps": 4.754820288554254,
    "jitter_ms": 1.758403583082675,
    "lost_packets": 38757,
    "packets": 187500,
    "lost_percent": 20.6704
  },
  "ping": {
    "sent": 1556,
    "received": 978,
    "loss_percent": 37.1465,
    "min_ms": 13.578,
    "avg_ms": 118.065,
    "max_ms": 222.559,
    "mdev_ms": 28.504,
    "p95_ms": 142.0,
    "sample_count": 978
  },
  "radio_target": {
    "rssi_median": -63.0,
    "rssi_min": -66.0,
    "rssi_max": -57.0,
    "rsrp_median": -94.0,
    "rsrp_min": -95.0,
    "rsrp_max": -91.0,
    "rsrq_median": -10.5,
    "rsrq_min": -14.0,
    "rsrq_max": -8.5,
    "sinr_median": 13.0,
    "sinr_min": 4.0,
    "sinr_max": 16.0,
    "cqi_median": 11.0,
    "cqi_min": 8.0,
    "cqi_max": 13.0,
    "ri_median": 2.0,
    "ri_min": 1.0,
    "ri_max": 2.0,
    "primary_bands_seen": [
      "B1@15Mhz earfcn: 523 phy-cellid: 69",
      "B7@20Mhz earfcn: 2850 phy-cellid: 69"
    ],
    "ca_bands_seen": [],
    "ca_missing_samples": 316,
    "samples": 316,
    "statuses_seen": [
      "registered"
    ],
    "cell_changes": 0,
    "tx-byte_delta": 187637983,
    "rx-byte_delta": 96951,
    "tx-packet_delta": 151992,
    "rx-packet_delta": 991,
    "tx-queue-drop_delta": 37080
  },
  "radio_other": {
    "lte2": {
      "rssi_median": -71.0,
      "rssi_min": -71.0,
      "rssi_max": -70.0,
      "rsrp_median": -104.0,
      "rsrp_min": -104.0,
      "rsrp_max": -100.0,
      "rsrq_median": -11.5,
      "rsrq_min": -13.0,
      "rsrq_max": -11.0,
      "sinr_median": -4.0,
      "sinr_min": -7.0,
      "sinr_max": 15.0,
      "cqi_median": 0.0,
      "cqi_min": 0.0,
      "cqi_max": 0.0,
      "ri_median": null,
      "ri_min": null,
      "ri_max": null,
      "primary_bands_seen": [
        "B7@20Mhz earfcn: 3248 phy-cellid: 171"
      ],
      "ca_bands_seen": [
        "B3@20Mhz earfcn: 1344 phy-cellid: 66"
      ],
      "ca_missing_samples": 0,
      "samples": 316,
      "statuses_seen": [
        "registered"
      ],
      "cell_changes": 0,
      "tx-byte_delta": 187640523,
      "rx-byte_delta": 23486,
      "tx-packet_delta": 151300,
      "rx-packet_delta": 240,
      "tx-queue-drop_delta": 37747
    }
  },
  "source_rule": {
    "comment": "ELMO TEST: source via lte1",
    "before": {
      "comment": "ELMO TEST: source via lte1",
      "rc": 0,
      "raw": "961589794\n787472\n",
      "bytes": 961589794,
      "packets": 787472
    },
    "after": {
      "comment": "ELMO TEST: source via lte1",
      "rc": 0,
      "raw": "1191971974\n976547\n",
      "bytes": 1191971974,
      "packets": 976547
    },
    "bytes_delta": 230382180,
    "packets_delta": 189075
  },
  "path_verification": "PASS_CONCURRENT_OTHER_LTE",
  "events_count": 2
}

Saved: /home/madis/projects/ltap-lte-testbench/results-public/exp2b-dual-rerun-20260814/runs/20260814-113932_B_dual_6M_repair_retry1_lte1_udp_upload