Warm-up 5s...
Running: iperf3 -c 217.18.95.142 -p 5202 -4 -B 192.168.101.202 -t 300 -i 1 -J -u -b 6M -l 1200
Cool-down 10s...
{
  "test": {
    "collector_version": "0.4.2",
    "created_local": "2026-08-14T11:34:09+03:00",
    "created_utc": "2026-08-14T08:34:09.829+00:00",
    "tag": "B_dual_6M_repair",
    "path": "lte2",
    "lte_interface": "lte2",
    "source_ip": "192.168.101.202",
    "linux_interface": "eno1",
    "server_hostname": "iperf-ams-nl.eranium.net",
    "server_ipv4": "217.18.95.142",
    "server_port": 5202,
    "port_probe": {
      "attempts": [
        {
          "port": 5202,
          "rc": 0,
          "stderr": "",
          "iperf_error": null,
          "bps": 3735778.30644522
        }
      ]
    },
    "protocol": "udp",
    "direction": "upload",
    "duration_s": 300,
    "warmup_s": 5,
    "cooldown_s": 10,
    "target_bitrate": "6M",
    "packet_length": 1200,
    "routing_mode": "source_ip_lab_mode",
    "routing_table": "to-lte2",
    "source_rule_comment": "ELMO TEST: source via lte2",
    "allow_concurrent_other_lte": true
  },
  "iperf": {
    "bits_per_second": 4829348.899211491,
    "mbps": 4.8293488992114915,
    "jitter_ms": 2.5106858232416274,
    "lost_packets": 36499,
    "packets": 187498,
    "lost_percent": 19.46613333333333
  },
  "ping": {
    "sent": 1555,
    "received": 957,
    "loss_percent": 38.4566,
    "min_ms": 14.596,
    "avg_ms": 115.246,
    "max_ms": 213.094,
    "mdev_ms": 27.616,
    "p95_ms": 132.0,
    "sample_count": 957
  },
  "radio_target": {
    "rssi_median": -71.0,
    "rssi_min": -72.0,
    "rssi_max": -64.0,
    "rsrp_median": -104.0,
    "rsrp_min": -104.0,
    "rsrp_max": -95.0,
    "rsrq_median": -11.5,
    "rsrq_min": -13.0,
    "rsrq_max": -10.0,
    "sinr_median": 9.0,
    "sinr_min": -4.0,
    "sinr_max": 15.0,
    "cqi_median": 0.0,
    "cqi_min": 0.0,
    "cqi_max": 0.0,
    "ri_median": null,
    "ri_min": null,
    "ri_max": null,
    "primary_bands_seen": [
      "B3@20Mhz earfcn: 1344 phy-cellid: 66",
      "B7@20Mhz earfcn: 3248 phy-cellid: 171"
    ],
    "ca_bands_seen": [
      "B20@10Mhz earfcn: 6300 phy-cellid: 364",
      "B3@20Mhz earfcn: 1344 phy-cellid: 66"
    ],
    "ca_missing_samples": 0,
    "samples": 316,
    "statuses_seen": [
      "registered"
    ],
    "cell_changes": 1,
    "tx-byte_delta": 188429247,
    "rx-byte_delta": 113115,
    "tx-packet_delta": 152560,
    "rx-packet_delta": 1234,
    "tx-queue-drop_delta": 37098
  },
  "radio_other": {
    "lte1": {
      "rssi_median": -58.0,
      "rssi_min": -105.0,
      "rssi_max": -49.0,
      "rsrp_median": -91.0,
      "rsrp_min": -139.0,
      "rsrp_max": -85.0,
      "rsrq_median": -14.0,
      "rsrq_min": -17.5,
      "rsrq_max": -10.5,
      "sinr_median": 4.0,
      "sinr_min": -4.0,
      "sinr_max": 35.0,
      "cqi_median": 0.0,
      "cqi_min": 0.0,
      "cqi_max": 13.0,
      "ri_median": 1.0,
      "ri_min": 1.0,
      "ri_max": 2.0,
      "primary_bands_seen": [
        "B1@15Mhz earfcn: 523 phy-cellid: 69",
        "B20@10Mhz earfcn: 6200 phy-cellid: 71",
        "B3@15Mhz earfcn: 1875 phy-cellid: 69"
      ],
      "ca_bands_seen": [],
      "ca_missing_samples": 316,
      "samples": 316,
      "statuses_seen": [
        "registered"
      ],
      "cell_changes": 2,
      "tx-byte_delta": 827453,
      "rx-byte_delta": 30217,
      "tx-packet_delta": 684,
      "rx-packet_delta": 424,
      "tx-queue-drop_delta": 0
    }
  },
  "source_rule": {
    "comment": "ELMO TEST: source via lte2",
    "before": {
      "comment": "ELMO TEST: source via lte2",
      "rc": 0,
      "raw": "698117292\n571273\n",
      "bytes": 698117292,
      "packets": 571273
    },
    "after": {
      "comment": "ELMO TEST: source via lte2",
      "rc": 0,
      "raw": "928499335\n760346\n",
      "bytes": 928499335,
      "packets": 760346
    },
    "bytes_delta": 230382043,
    "packets_delta": 189073
  },
  "path_verification": "PASS_CONCURRENT_OTHER_LTE",
  "events_count": 36
}

Saved: /home/madis/projects/ltap-lte-testbench/results-public/exp2b-dual-rerun-20260814/runs/20260814-113409_B_dual_6M_repair_lte2_udp_upload