Warm-up 5s...
Running: iperf3 -c 217.18.95.142 -p 5207 -4 -B 192.168.101.201 -t 300 -i 1 -J -u -b 6M -l 1200
Cool-down 10s...
{
  "test": {
    "collector_version": "0.4.2",
    "created_local": "2026-08-14T11:45:11+03:00",
    "created_utc": "2026-08-14T08:45:11.340+00:00",
    "tag": "C_dual_6M_repair",
    "path": "lte1",
    "lte_interface": "lte1",
    "source_ip": "192.168.101.201",
    "linux_interface": "eno1",
    "server_hostname": "iperf-ams-nl.eranium.net",
    "server_ipv4": "217.18.95.142",
    "server_port": 5207,
    "port_probe": {
      "attempts": [
        {
          "port": 5207,
          "rc": 0,
          "stderr": "",
          "iperf_error": null,
          "bps": 3674015.6252600485
        }
      ]
    },
    "protocol": "udp",
    "direction": "upload",
    "duration_s": 300,
    "warmup_s": 5,
    "cooldown_s": 10,
    "target_bitrate": "6M",
    "packet_length": 1200,
    "routing_mode": "source_ip_lab_mode",
    "routing_table": "to-lte1",
    "source_rule_comment": "ELMO TEST: source via lte1",
    "allow_concurrent_other_lte": true
  },
  "iperf": {
    "bits_per_second": 4645626.401566865,
    "mbps": 4.645626401566865,
    "jitter_ms": 3.496872795209415,
    "lost_packets": 42286,
    "packets": 187500,
    "lost_percent": 22.552533333333333
  },
  "ping": {
    "sent": 1541,
    "received": 668,
    "loss_percent": 56.6515,
    "min_ms": 17.54,
    "avg_ms": 38.968,
    "max_ms": 389.654,
    "mdev_ms": 34.606,
    "p95_ms": 81.7,
    "sample_count": 668
  },
  "radio_target": {
    "rssi_median": -66.0,
    "rssi_min": -66.0,
    "rssi_max": -59.0,
    "rsrp_median": -95.0,
    "rsrp_min": -95.0,
    "rsrp_max": -92.0,
    "rsrq_median": -8.0,
    "rsrq_min": -13.5,
    "rsrq_max": -7.0,
    "sinr_median": 14.0,
    "sinr_min": 3.0,
    "sinr_max": 16.0,
    "cqi_median": 11.0,
    "cqi_min": 8.0,
    "cqi_max": 14.0,
    "ri_median": 2.0,
    "ri_min": 1.0,
    "ri_max": 2.0,
    "primary_bands_seen": [
      "B1@15Mhz earfcn: 523 phy-cellid: 69",
      "B7@20Mhz earfcn: 2850 phy-cellid: 69"
    ],
    "ca_bands_seen": [],
    "ca_missing_samples": 316,
    "samples": 316,
    "statuses_seen": [
      "registered"
    ],
    "cell_changes": 0,
    "tx-byte_delta": 188314173,
    "rx-byte_delta": 95746,
    "tx-packet_delta": 152186,
    "rx-packet_delta": 1043,
    "tx-queue-drop_delta": 37420
  },
  "radio_other": {
    "lte2": {
      "rssi_median": -71.0,
      "rssi_min": -71.0,
      "rssi_max": -65.0,
      "rsrp_median": -104.0,
      "rsrp_min": -107.0,
      "rsrp_max": -96.0,
      "rsrq_median": -13.5,
      "rsrq_min": -13.5,
      "rsrq_max": -12.0,
      "sinr_median": -4.0,
      "sinr_min": -8.0,
      "sinr_max": 10.0,
      "cqi_median": 0.0,
      "cqi_min": 0.0,
      "cqi_max": 0.0,
      "ri_median": null,
      "ri_min": null,
      "ri_max": null,
      "primary_bands_seen": [
        "B3@20Mhz earfcn: 1344 phy-cellid: 66",
        "B7@20Mhz earfcn: 3248 phy-cellid: 171"
      ],
      "ca_bands_seen": [
        "B3@20Mhz earfcn: 1344 phy-cellid: 66",
        "B7@20Mhz earfcn: 3248 phy-cellid: 171"
      ],
      "ca_missing_samples": 0,
      "samples": 316,
      "statuses_seen": [
        "registered"
      ],
      "cell_changes": 1,
      "tx-byte_delta": 188301731,
      "rx-byte_delta": 142839,
      "tx-packet_delta": 152669,
      "rx-packet_delta": 1511,
      "tx-queue-drop_delta": 36944
    }
  },
  "source_rule": {
    "comment": "ELMO TEST: source via lte1",
    "before": {
      "comment": "ELMO TEST: source via lte1",
      "rc": 0,
      "raw": "1192759129\n976986\n",
      "bytes": 1192759129,
      "packets": 976986
    },
    "after": {
      "comment": "ELMO TEST: source via lte1",
      "rc": 0,
      "raw": "1423139991\n1166045\n",
      "bytes": 1423139991,
      "packets": 1166045
    },
    "bytes_delta": 230380862,
    "packets_delta": 189059
  },
  "path_verification": "PASS_CONCURRENT_OTHER_LTE",
  "events_count": 2
}

Saved: /home/madis/projects/ltap-lte-testbench/results-public/exp2b-dual-rerun-20260814/runs/20260814-114511_C_dual_6M_repair_lte1_udp_upload