2026-08-10T16:14:47+00:00 no heartbeat yet
2026-08-10T16:15:18+00:00 ok state=STARTING item=None item_state=STARTING hb_age_s=18 worker_stall_s=20
2026-08-10T16:15:48+00:00 ok state=THICK_PIGTAIL_P1_B3_B3 item=P1 item_state=WAITING_REGISTRATION hb_age_s=18 worker_stall_s=38
2026-08-10T16:16:18+00:00 ok state=THICK_PIGTAIL_P1_B3_B3 item=P1 item_state=RUNNING hb_age_s=18 worker_stall_s=27
2026-08-10T16:16:48+00:00 ok state=THICK_PIGTAIL_P1_B3_B3 item=P1 item_state=RUNNING hb_age_s=18 worker_stall_s=57
2026-08-10T16:17:18+00:00 ok state=THICK_PIGTAIL_P1_B3_B3 item=P1 item_state=RUNNING hb_age_s=17 worker_stall_s=87
2026-08-10T16:17:48+00:00 ok state=THICK_PIGTAIL_P1_B3_B3 item=P1 item_state=RUNNING hb_age_s=17 worker_stall_s=117
2026-08-10T16:18:18+00:00 ok state=THICK_PIGTAIL_P1_B3_B3 item=P1 item_state=RUNNING hb_age_s=16 worker_stall_s=147
2026-08-10T16:18:48+00:00 ok state=THICK_PIGTAIL_P1_B3_B3 item=P1 item_state=RUNNING hb_age_s=16 worker_stall_s=177
2026-08-10T16:19:18+00:00 ok state=THICK_PIGTAIL_P1_B3_B3 item=P1 item_state=RUNNING hb_age_s=16 worker_stall_s=208
2026-08-10T16:19:48+00:00 ok state=THICK_PIGTAIL_P1_B3_B3 item=P1 item_state=RUNNING hb_age_s=16 worker_stall_s=238
2026-08-10T16:20:18+00:00 ok state=THICK_PIGTAIL_P1_B3_B3 item=P1 item_state=RUNNING hb_age_s=15 worker_stall_s=268
2026-08-10T16:20:48+00:00 ok state=THICK_PIGTAIL_P1_B3_B3 item=P1 item_state=RUNNING hb_age_s=15 worker_stall_s=298
2026-08-10T16:21:18+00:00 ok state=THICK_PIGTAIL_P1_B3_B3 item=P1 item_state=RUNNING hb_age_s=14 worker_stall_s=328
2026-08-10T16:21:48+00:00 ok state=THICK_PIGTAIL_P2_B3_B8 item=P2 item_state=WAITING_REGISTRATION hb_age_s=14 worker_stall_s=25
2026-08-10T16:22:18+00:00 ok state=THICK_PIGTAIL_P2_B3_B8 item=P2 item_state=RUNNING hb_age_s=14 worker_stall_s=24
2026-08-10T16:22:49+00:00 ok state=THICK_PIGTAIL_P2_B3_B8 item=P2 item_state=RUNNING hb_age_s=14 worker_stall_s=54
2026-08-10T16:23:19+00:00 ok state=THICK_PIGTAIL_P2_B3_B8 item=P2 item_state=RUNNING hb_age_s=13 worker_stall_s=84
2026-08-10T16:23:49+00:00 ok state=THICK_PIGTAIL_P2_B3_B8 item=P2 item_state=RUNNING hb_age_s=13 worker_stall_s=114
2026-08-10T16:24:19+00:00 ok state=THICK_PIGTAIL_P2_B3_B8 item=P2 item_state=RUNNING hb_age_s=12 worker_stall_s=144
2026-08-10T16:24:49+00:00 ok state=THICK_PIGTAIL_P2_B3_B8 item=P2 item_state=RUNNING hb_age_s=13 worker_stall_s=175
2026-08-10T16:25:19+00:00 ok state=THICK_PIGTAIL_P2_B3_B8 item=P2 item_state=RUNNING hb_age_s=12 worker_stall_s=205
2026-08-10T16:25:49+00:00 ok state=THICK_PIGTAIL_P2_B3_B8 item=P2 item_state=RUNNING hb_age_s=12 worker_stall_s=235
2026-08-10T16:26:19+00:00 ok state=THICK_PIGTAIL_P2_B3_B8 item=P2 item_state=RUNNING hb_age_s=11 worker_stall_s=265
2026-08-10T16:26:49+00:00 ok state=THICK_PIGTAIL_P2_B3_B8 item=P2 item_state=RUNNING hb_age_s=11 worker_stall_s=295
2026-08-10T16:27:19+00:00 ok state=THICK_PIGTAIL_P2_B3_B8 item=P2 item_state=RUNNING hb_age_s=11 worker_stall_s=325
2026-08-10T16:27:50+00:00 ok state=THICK_PIGTAIL_P3_B7_CHECK item=P3 item_state=WAITING_REGISTRATION hb_age_s=10 worker_stall_s=23
2026-08-10T16:28:20+00:00 ok state=THICK_PIGTAIL_P3_B7_CHECK item=P3 item_state=RUNNING hb_age_s=10 worker_stall_s=22
2026-08-10T16:28:50+00:00 ok state=THICK_PIGTAIL_P3_B7_CHECK item=P3 item_state=RUNNING hb_age_s=10 worker_stall_s=52
2026-08-10T16:29:20+00:00 ok state=THICK_PIGTAIL_P3_B7_CHECK item=P3 item_state=RUNNING hb_age_s=9 worker_stall_s=82
2026-08-10T16:29:50+00:00 ok state=THICK_PIGTAIL_P3_B7_CHECK item=P3 item_state=RUNNING hb_age_s=9 worker_stall_s=112
2026-08-10T16:30:20+00:00 ok state=THICK_PIGTAIL_P3_B7_CHECK item=P3 item_state=RUNNING hb_age_s=8 worker_stall_s=142
2026-08-10T16:30:50+00:00 ok state=THICK_PIGTAIL_P3_B7_CHECK item=P3 item_state=RUNNING hb_age_s=9 worker_stall_s=173
2026-08-10T16:31:20+00:00 ok state=THICK_PIGTAIL_P3_B7_CHECK item=P3 item_state=RUNNING hb_age_s=9 worker_stall_s=203
2026-08-10T16:31:50+00:00 ok state=THICK_PIGTAIL_P3_B7_CHECK item=P3 item_state=RUNNING hb_age_s=8 worker_stall_s=233
2026-08-10T16:32:20+00:00 ok state=THICK_PIGTAIL_P3_B7_CHECK item=P3 item_state=RUNNING hb_age_s=7 worker_stall_s=263
2026-08-10T16:32:50+00:00 ok state=THICK_PIGTAIL_P3_B7_CHECK item=P3 item_state=RUNNING hb_age_s=7 worker_stall_s=293
2026-08-10T16:33:21+00:00 ok state=THICK_PIGTAIL_P3_B7_CHECK item=P3 item_state=RUNNING hb_age_s=7 worker_stall_s=323
2026-08-10T16:33:51+00:00 ok state=THICK_PIGTAIL_P3_B7_CHECK item=P3 item_state=RUNNING hb_age_s=37 worker_stall_s=353
2026-08-10T16:34:21+00:00 ok state=THICK_PIGTAIL_P3_B7_CHECK item=P3 item_state=RUNNING hb_age_s=67 worker_stall_s=383
2026-08-10T16:34:51+00:00 ok state=COMPLETE item=P4 item_state=STARTING hb_age_s=14 worker_stall_s=85
2026-08-10T16:35:21+00:00 ok state=COMPLETE item=P4 item_state=STARTING hb_age_s=44 worker_stall_s=115
2026-08-10T16:35:51+00:00 ok state=COMPLETE item=P4 item_state=STARTING hb_age_s=74 worker_stall_s=145
2026-08-10T16:36:21+00:00 ok state=COMPLETE item=P4 item_state=STARTING hb_age_s=104 worker_stall_s=175
2026-08-10T16:36:51+00:00 ok state=COMPLETE item=P4 item_state=STARTING hb_age_s=135 worker_stall_s=206
2026-08-10T16:37:21+00:00 ok state=COMPLETE item=P4 item_state=STARTING hb_age_s=165 worker_stall_s=236
2026-08-10T16:37:51+00:00 stale state=COMPLETE item=P4 item_state=STARTING hb_age_s=195 worker_stall_s=266 limit_s=420
2026-08-10T16:38:21+00:00 stale state=COMPLETE item=P4 item_state=STARTING hb_age_s=225 worker_stall_s=296 limit_s=420
2026-08-10T16:38:51+00:00 stale state=COMPLETE item=P4 item_state=STARTING hb_age_s=255 worker_stall_s=326 limit_s=420
2026-08-10T16:39:21+00:00 stale state=COMPLETE item=P4 item_state=STARTING hb_age_s=285 worker_stall_s=356 limit_s=420
2026-08-10T16:39:51+00:00 stale state=COMPLETE item=P4 item_state=STARTING hb_age_s=315 worker_stall_s=386 limit_s=420
2026-08-10T16:40:21+00:00 stale state=COMPLETE item=P4 item_state=STARTING hb_age_s=345 worker_stall_s=416 limit_s=420
2026-08-10T16:40:52+00:00 stale state=COMPLETE item=P4 item_state=STARTING hb_age_s=375 worker_stall_s=446 limit_s=420
2026-08-10T16:41:22+00:00 stale state=COMPLETE item=P4 item_state=STARTING hb_age_s=405 worker_stall_s=476 limit_s=420
2026-08-10T16:41:52+00:00 stale state=COMPLETE item=P4 item_state=STARTING hb_age_s=435 worker_stall_s=506 limit_s=420
2026-08-10T16:42:22+00:00 stale state=COMPLETE item=P4 item_state=STARTING hb_age_s=465 worker_stall_s=536 limit_s=420
2026-08-10T16:42:52+00:00 stale state=COMPLETE item=P4 item_state=STARTING hb_age_s=495 worker_stall_s=566 limit_s=420
2026-08-10T16:43:22+00:00 stale state=COMPLETE item=P4 item_state=STARTING hb_age_s=525 worker_stall_s=596 limit_s=420
2026-08-10T16:43:52+00:00 stale state=COMPLETE item=P4 item_state=STARTING hb_age_s=555 worker_stall_s=626 limit_s=420
2026-08-10T16:44:22+00:00 stale state=COMPLETE item=P4 item_state=STARTING hb_age_s=585 worker_stall_s=656 limit_s=420
2026-08-10T16:44:52+00:00 stale state=COMPLETE item=P4 item_state=STARTING hb_age_s=616 worker_stall_s=687 limit_s=420
2026-08-10T16:45:22+00:00 stale state=COMPLETE item=P4 item_state=STARTING hb_age_s=646 worker_stall_s=717 limit_s=420
2026-08-10T16:45:52+00:00 stale state=COMPLETE item=P4 item_state=STARTING hb_age_s=676 worker_stall_s=747 limit_s=420
2026-08-10T16:46:22+00:00 stale state=COMPLETE item=P4 item_state=STARTING hb_age_s=706 worker_stall_s=777 limit_s=420
2026-08-10T16:46:52+00:00 stale state=COMPLETE item=P4 item_state=STARTING hb_age_s=736 worker_stall_s=807 limit_s=420
2026-08-10T16:47:22+00:00 stale state=COMPLETE item=P4 item_state=STARTING hb_age_s=766 worker_stall_s=837 limit_s=420
2026-08-10T16:47:52+00:00 stale state=COMPLETE item=P4 item_state=STARTING hb_age_s=796 worker_stall_s=867 limit_s=420
2026-08-10T16:48:22+00:00 stale state=COMPLETE item=P4 item_state=STARTING hb_age_s=826 worker_stall_s=897 limit_s=420
2026-08-10T16:48:53+00:00 stale state=COMPLETE item=P4 item_state=STARTING hb_age_s=856 worker_stall_s=927 limit_s=420
2026-08-10T16:49:23+00:00 stale state=COMPLETE item=P4 item_state=STARTING hb_age_s=886 worker_stall_s=957 limit_s=420
2026-08-10T16:49:53+00:00 stale state=COMPLETE item=P4 item_state=STARTING hb_age_s=916 worker_stall_s=987 limit_s=420
2026-08-10T16:50:23+00:00 stale state=COMPLETE item=P4 item_state=STARTING hb_age_s=946 worker_stall_s=1017 limit_s=420
2026-08-10T16:50:53+00:00 stale state=COMPLETE item=P4 item_state=STARTING hb_age_s=976 worker_stall_s=1047 limit_s=420
2026-08-10T16:51:23+00:00 stale state=COMPLETE item=P4 item_state=STARTING hb_age_s=1006 worker_stall_s=1077 limit_s=420
2026-08-10T16:51:53+00:00 stale state=COMPLETE item=P4 item_state=STARTING hb_age_s=1036 worker_stall_s=1107 limit_s=420
2026-08-10T16:52:23+00:00 stale state=COMPLETE item=P4 item_state=STARTING hb_age_s=1067 worker_stall_s=1138 limit_s=420
2026-08-10T16:52:53+00:00 stale state=COMPLETE item=P4 item_state=STARTING hb_age_s=1097 worker_stall_s=1168 limit_s=420
2026-08-10T16:53:23+00:00 stale state=COMPLETE item=P4 item_state=STARTING hb_age_s=1127 worker_stall_s=1198 limit_s=420
2026-08-10T16:53:53+00:00 stale state=COMPLETE item=P4 item_state=STARTING hb_age_s=1157 worker_stall_s=1228 limit_s=420
2026-08-10T16:54:23+00:00 stale state=COMPLETE item=P4 item_state=STARTING hb_age_s=1187 worker_stall_s=1258 limit_s=420
2026-08-10T16:54:53+00:00 stale state=COMPLETE item=P4 item_state=STARTING hb_age_s=1217 worker_stall_s=1288 limit_s=420
2026-08-10T16:55:23+00:00 stale state=COMPLETE item=P4 item_state=STARTING hb_age_s=1247 worker_stall_s=1318 limit_s=420
2026-08-10T16:55:53+00:00 stale state=COMPLETE item=P4 item_state=STARTING hb_age_s=1277 worker_stall_s=1348 limit_s=420
2026-08-10T16:56:24+00:00 stale state=COMPLETE item=P4 item_state=STARTING hb_age_s=1307 worker_stall_s=1378 limit_s=420
2026-08-10T16:56:54+00:00 stale state=COMPLETE item=P4 item_state=STARTING hb_age_s=1337 worker_stall_s=1408 limit_s=420
2026-08-10T16:57:24+00:00 stale state=COMPLETE item=P4 item_state=STARTING hb_age_s=1367 worker_stall_s=1438 limit_s=420
2026-08-10T16:57:54+00:00 stale state=COMPLETE item=P4 item_state=STARTING hb_age_s=1397 worker_stall_s=1468 limit_s=420
2026-08-10T16:58:24+00:00 stale state=COMPLETE item=P4 item_state=STARTING hb_age_s=1427 worker_stall_s=1498 limit_s=420
2026-08-10T16:58:54+00:00 stale state=COMPLETE item=P4 item_state=STARTING hb_age_s=1457 worker_stall_s=1528 limit_s=420
2026-08-10T16:59:24+00:00 stale state=COMPLETE item=P4 item_state=STARTING hb_age_s=1487 worker_stall_s=1558 limit_s=420
2026-08-10T16:59:54+00:00 stale state=COMPLETE item=P4 item_state=STARTING hb_age_s=1517 worker_stall_s=1588 limit_s=420
2026-08-10T17:00:24+00:00 stale state=COMPLETE item=P4 item_state=STARTING hb_age_s=1548 worker_stall_s=1619 limit_s=420
2026-08-10T17:00:54+00:00 stale state=COMPLETE item=P4 item_state=STARTING hb_age_s=1578 worker_stall_s=1649 limit_s=420
2026-08-10T17:01:24+00:00 stale state=COMPLETE item=P4 item_state=STARTING hb_age_s=1608 worker_stall_s=1679 limit_s=420
2026-08-10T17:01:54+00:00 stale state=COMPLETE item=P4 item_state=STARTING hb_age_s=1638 worker_stall_s=1709 limit_s=420
2026-08-10T17:02:24+00:00 stale state=COMPLETE item=P4 item_state=STARTING hb_age_s=1668 worker_stall_s=1739 limit_s=420
2026-08-10T17:02:54+00:00 stale state=COMPLETE item=P4 item_state=STARTING hb_age_s=1698 worker_stall_s=1769 limit_s=420
2026-08-10T17:03:24+00:00 stale state=COMPLETE item=P4 item_state=STARTING hb_age_s=1728 worker_stall_s=1799 limit_s=420
2026-08-10T17:03:55+00:00 stale state=COMPLETE item=P4 item_state=STARTING hb_age_s=1758 worker_stall_s=1829 limit_s=420
2026-08-10T17:04:25+00:00 stale state=COMPLETE item=P4 item_state=STARTING hb_age_s=1788 worker_stall_s=1859 limit_s=420
