2026-08-09T09:54:42+00:00 no heartbeat yet
2026-08-09T09:56:43+00:00 ok state=STARTING item=None item_state=STARTING hb_age_s=23 worker_stall_s=24
2026-08-09T09:58:55+00:00 ok state=PRIMARY_DUAL_MATRIX item=R1-M0 item_state=WAITING_REGISTRATION hb_age_s=4 worker_stall_s=38
2026-08-09T10:01:05+00:00 ok state=PRIMARY_DUAL_MATRIX item=R1-M0 item_state=WAITING_REGISTRATION hb_age_s=14 worker_stall_s=41
2026-08-09T10:03:15+00:00 ok state=PRIMARY_DUAL_MATRIX item=R1-M1 item_state=WAITING_REGISTRATION hb_age_s=23 worker_stall_s=40
2026-08-09T10:05:25+00:00 ok state=PRIMARY_DUAL_MATRIX item=R1-M1 item_state=WAITING_REGISTRATION hb_age_s=3 worker_stall_s=43
2026-08-09T10:07:35+00:00 ok state=PRIMARY_DUAL_MATRIX item=R1-M0 item_state=WAITING_REGISTRATION hb_age_s=5 worker_stall_s=26
2026-08-09T10:09:35+00:00 ok state=PRIMARY_DUAL_MATRIX item=R1-M0 item_state=RUNNING hb_age_s=3 worker_stall_s=82
2026-08-09T10:11:45+00:00 ok state=PRIMARY_DUAL_MATRIX item=R1-M0 item_state=RUNNING hb_age_s=12 worker_stall_s=212
2026-08-09T10:13:55+00:00 ok state=PRIMARY_DUAL_MATRIX item=R1-M0 item_state=RETRY_PENDING hb_age_s=20 worker_stall_s=42
2026-08-09T10:16:05+00:00 ok state=PRIMARY_DUAL_MATRIX item=R1-M0 item_state=RUNNING hb_age_s=28 worker_stall_s=112
2026-08-09T10:18:08+00:00 ok state=PRIMARY_DUAL_MATRIX item=R1-M0 item_state=RUNNING hb_age_s=30 worker_stall_s=236
2026-08-09T10:20:15+00:00 ok state=PRIMARY_DUAL_MATRIX item=R1-M1 item_state=WAITING_REGISTRATION hb_age_s=5 worker_stall_s=29
2026-08-09T10:22:25+00:00 ok state=PRIMARY_DUAL_MATRIX item=R1-M1 item_state=RUNNING hb_age_s=13 worker_stall_s=95
2026-08-09T10:24:35+00:00 ok state=PRIMARY_DUAL_MATRIX item=R1-M1 item_state=RUNNING hb_age_s=21 worker_stall_s=225
2026-08-09T10:26:45+00:00 ok state=PRIMARY_DUAL_MATRIX item=R1-M1 item_state=RETRY_PENDING hb_age_s=30 worker_stall_s=55
2026-08-09T10:28:47+00:00 ok state=PRIMARY_DUAL_MATRIX item=R1-M1 item_state=RUNNING hb_age_s=31 worker_stall_s=118
2026-08-09T10:30:48+00:00 ok state=PRIMARY_DUAL_MATRIX item=R1-M1 item_state=RUNNING hb_age_s=30 worker_stall_s=239
2026-08-09T10:32:55+00:00 ok state=PRIMARY_DUAL_MATRIX item=R1-M2 item_state=WAITING_REGISTRATION hb_age_s=4 worker_stall_s=32
2026-08-09T10:35:05+00:00 ok state=PRIMARY_DUAL_MATRIX item=R1-M2 item_state=RUNNING hb_age_s=13 worker_stall_s=121
2026-08-09T10:37:15+00:00 ok state=PRIMARY_DUAL_MATRIX item=R1-M2 item_state=RUNNING hb_age_s=21 worker_stall_s=251
2026-08-09T10:39:18+00:00 ok state=PRIMARY_DUAL_MATRIX item=R1-M3 item_state=WAITING_REGISTRATION hb_age_s=23 worker_stall_s=42
2026-08-09T10:41:25+00:00 ok state=PRIMARY_DUAL_MATRIX item=R1-M3 item_state=RUNNING hb_age_s=28 worker_stall_s=128
2026-08-09T10:43:28+00:00 ok state=PRIMARY_DUAL_MATRIX item=R1-M3 item_state=RUNNING hb_age_s=30 worker_stall_s=252
2026-08-09T10:45:35+00:00 ok state=PRIMARY_DUAL_MATRIX item=R1-M4 item_state=WAITING_REGISTRATION hb_age_s=5 worker_stall_s=45
2026-08-09T10:47:45+00:00 ok state=PRIMARY_DUAL_MATRIX item=R1-M4 item_state=WAITING_REGISTRATION hb_age_s=15 worker_stall_s=48
2026-08-09T10:49:55+00:00 ok state=PRIMARY_DUAL_MATRIX item=R1-M4 item_state=RUNNING hb_age_s=24 worker_stall_s=92
2026-08-09T10:52:02+00:00 ok state=PRIMARY_DUAL_MATRIX item=R1-M4 item_state=RUNNING hb_age_s=30 worker_stall_s=220
2026-08-09T10:54:04+00:00 ok state=PRIMARY_DUAL_MATRIX item=R1-M4 item_state=RUNNING hb_age_s=30 worker_stall_s=342
2026-08-09T10:56:06+00:00 ok state=PRIMARY_DUAL_MATRIX item=R1-M4 item_state=RUNNING hb_age_s=30 worker_stall_s=80
2026-08-09T10:58:08+00:00 ok state=PRIMARY_DUAL_MATRIX item=R1-M4 item_state=RUNNING hb_age_s=31 worker_stall_s=202
2026-08-09T11:00:10+00:00 ok state=PRIMARY_DUAL_MATRIX item=R1-M4 item_state=RUNNING hb_age_s=30 worker_stall_s=323
2026-08-09T11:02:11+00:00 ok state=PRIMARY_DUAL_MATRIX item=R1-M5 item_state=RUNNING hb_age_s=31 worker_stall_s=58
2026-08-09T11:04:12+00:00 ok state=PRIMARY_DUAL_MATRIX item=R1-M5 item_state=RUNNING hb_age_s=30 worker_stall_s=179
2026-08-09T11:06:14+00:00 ok state=PRIMARY_DUAL_MATRIX item=R1-M5 item_state=RUNNING hb_age_s=29 worker_stall_s=300
2026-08-09T11:08:16+00:00 ok state=PRIMARY_DUAL_MATRIX item=R1-M5 item_state=RUNNING hb_age_s=31 worker_stall_s=60
2026-08-09T11:10:17+00:00 ok state=PRIMARY_DUAL_MATRIX item=R1-M5 item_state=RUNNING hb_age_s=30 worker_stall_s=181
2026-08-09T11:12:19+00:00 ok state=PRIMARY_DUAL_MATRIX item=R1-M5 item_state=RUNNING hb_age_s=30 worker_stall_s=303
2026-08-09T11:14:25+00:00 ok state=PRIMARY_DUAL_MATRIX item=R1-M6 item_state=WAITING_REGISTRATION hb_age_s=3 worker_stall_s=11
2026-08-09T11:16:35+00:00 ok state=PRIMARY_DUAL_MATRIX item=R1-M6 item_state=RUNNING hb_age_s=12 worker_stall_s=95
2026-08-09T11:18:45+00:00 ok state=PRIMARY_DUAL_MATRIX item=R1-M6 item_state=RUNNING hb_age_s=20 worker_stall_s=225
2026-08-09T11:20:55+00:00 ok state=PRIMARY_DUAL_MATRIX item=R1-M6 item_state=RUNNING hb_age_s=29 worker_stall_s=355
2026-08-09T11:22:57+00:00 ok state=PRIMARY_DUAL_MATRIX item=R2-M6 item_state=RUNNING hb_age_s=31 worker_stall_s=109
2026-08-09T11:24:58+00:00 ok state=PRIMARY_DUAL_MATRIX item=R2-M6 item_state=RUNNING hb_age_s=30 worker_stall_s=230
2026-08-09T11:27:00+00:00 ok state=PRIMARY_DUAL_MATRIX item=R2-M6 item_state=RUNNING hb_age_s=30 worker_stall_s=352
2026-08-09T11:29:01+00:00 ok state=PRIMARY_DUAL_MATRIX item=R2-M6 item_state=RUNNING hb_age_s=30 worker_stall_s=65
2026-08-09T11:31:03+00:00 ok state=PRIMARY_DUAL_MATRIX item=R2-M6 item_state=RUNNING hb_age_s=30 worker_stall_s=187
2026-08-09T11:33:05+00:00 ok state=PRIMARY_DUAL_MATRIX item=R2-M6 item_state=RUNNING hb_age_s=30 worker_stall_s=309
2026-08-09T11:35:07+00:00 ok state=PRIMARY_DUAL_MATRIX item=R2-M6 item_state=RUNNING hb_age_s=30 worker_stall_s=69
2026-08-09T11:37:09+00:00 ok state=PRIMARY_DUAL_MATRIX item=R2-M6 item_state=RUNNING hb_age_s=31 worker_stall_s=191
2026-08-09T11:39:11+00:00 ok state=PRIMARY_DUAL_MATRIX item=R2-M6 item_state=RUNNING hb_age_s=31 worker_stall_s=313
2026-08-09T11:41:12+00:00 ok state=PRIMARY_DUAL_MATRIX item=R2-M5 item_state=RUNNING hb_age_s=31 worker_stall_s=36
2026-08-09T11:43:13+00:00 ok state=PRIMARY_DUAL_MATRIX item=R2-M5 item_state=RUNNING hb_age_s=30 worker_stall_s=157
2026-08-09T11:45:15+00:00 ok state=PRIMARY_DUAL_MATRIX item=R2-M5 item_state=RUNNING hb_age_s=30 worker_stall_s=279
2026-08-09T11:47:17+00:00 ok state=PRIMARY_DUAL_MATRIX item=R2-M5 item_state=RUNNING hb_age_s=31 worker_stall_s=41
2026-08-09T11:49:19+00:00 ok state=PRIMARY_DUAL_MATRIX item=R2-M5 item_state=RUNNING hb_age_s=31 worker_stall_s=163
2026-08-09T11:51:21+00:00 ok state=PRIMARY_DUAL_MATRIX item=R2-M5 item_state=RUNNING hb_age_s=31 worker_stall_s=285
2026-08-09T11:53:22+00:00 ok state=PRIMARY_DUAL_MATRIX item=R2-M4 item_state=RUNNING hb_age_s=31 worker_stall_s=40
2026-08-09T11:55:24+00:00 ok state=PRIMARY_DUAL_MATRIX item=R2-M4 item_state=RUNNING hb_age_s=31 worker_stall_s=162
2026-08-09T11:57:25+00:00 ok state=PRIMARY_DUAL_MATRIX item=R2-M4 item_state=RUNNING hb_age_s=30 worker_stall_s=283
2026-08-09T11:59:26+00:00 ok state=PRIMARY_DUAL_MATRIX item=R2-M3 item_state=WAITING_REGISTRATION hb_age_s=30 worker_stall_s=71
2026-08-09T12:01:28+00:00 ok state=PRIMARY_DUAL_MATRIX item=R2-M3 item_state=RUNNING hb_age_s=30 worker_stall_s=147
2026-08-09T12:03:30+00:00 ok state=PRIMARY_DUAL_MATRIX item=R2-M3 item_state=RUNNING hb_age_s=30 worker_stall_s=269
2026-08-09T12:05:35+00:00 ok state=PRIMARY_DUAL_MATRIX item=R2-M2 item_state=RUNNING hb_age_s=3 worker_stall_s=18
2026-08-09T12:07:45+00:00 ok state=PRIMARY_DUAL_MATRIX item=R2-M2 item_state=RUNNING hb_age_s=11 worker_stall_s=148
2026-08-09T12:09:55+00:00 ok state=PRIMARY_DUAL_MATRIX item=R2-M2 item_state=RUNNING hb_age_s=20 worker_stall_s=278
2026-08-09T12:12:05+00:00 ok state=PRIMARY_DUAL_MATRIX item=R2-M2 item_state=RETRY_PENDING hb_age_s=28 worker_stall_s=85
2026-08-09T12:14:09+00:00 ok state=PRIMARY_DUAL_MATRIX item=R2-M2 item_state=RUNNING hb_age_s=31 worker_stall_s=150
2026-08-09T12:16:11+00:00 ok state=PRIMARY_DUAL_MATRIX item=R2-M2 item_state=RUNNING hb_age_s=31 worker_stall_s=272
2026-08-09T12:18:17+00:00 ok state=PRIMARY_DUAL_MATRIX item=R2-M1 item_state=RUNNING hb_age_s=5 worker_stall_s=23
2026-08-09T12:20:25+00:00 ok state=PRIMARY_DUAL_MATRIX item=R2-M1 item_state=RUNNING hb_age_s=11 worker_stall_s=151
2026-08-09T12:22:35+00:00 ok state=PRIMARY_DUAL_MATRIX item=R2-M1 item_state=RUNNING hb_age_s=19 worker_stall_s=281
2026-08-09T12:24:41+00:00 ok state=PRIMARY_DUAL_MATRIX item=R2-M1 item_state=RETRY_PENDING hb_age_s=23 worker_stall_s=83
2026-08-09T12:26:49+00:00 ok state=PRIMARY_DUAL_MATRIX item=R2-M1 item_state=RUNNING hb_age_s=31 worker_stall_s=152
2026-08-09T12:28:50+00:00 ok state=PRIMARY_DUAL_MATRIX item=R2-M1 item_state=RUNNING hb_age_s=30 worker_stall_s=273
2026-08-09T12:30:52+00:00 ok state=PRIMARY_DUAL_MATRIX item=R2-M1 item_state=RETRY_PENDING hb_age_s=30 worker_stall_s=71
2026-08-09T12:32:54+00:00 ok state=PRIMARY_DUAL_MATRIX item=R2-M1 item_state=RUNNING hb_age_s=31 worker_stall_s=110
2026-08-09T12:34:56+00:00 ok state=PRIMARY_DUAL_MATRIX item=R2-M1 item_state=RUNNING hb_age_s=31 worker_stall_s=232
2026-08-09T12:37:05+00:00 ok state=PRIMARY_DUAL_MATRIX item=R2-M0 item_state=RUNNING hb_age_s=7 worker_stall_s=11
2026-08-09T12:39:15+00:00 ok state=PRIMARY_DUAL_MATRIX item=R2-M0 item_state=RUNNING hb_age_s=16 worker_stall_s=118
2026-08-09T12:41:25+00:00 ok state=PRIMARY_DUAL_MATRIX item=R2-M0 item_state=RUNNING hb_age_s=24 worker_stall_s=248
2026-08-09T12:43:32+00:00 ok state=PRIMARY_DUAL_MATRIX item=R2-M0 item_state=RETRY_PENDING hb_age_s=30 worker_stall_s=75
2026-08-09T12:45:34+00:00 ok state=PRIMARY_DUAL_MATRIX item=R2-M0 item_state=RUNNING hb_age_s=31 worker_stall_s=114
2026-08-09T12:47:35+00:00 ok state=PRIMARY_DUAL_MATRIX item=R2-M0 item_state=RUNNING hb_age_s=29 worker_stall_s=234
2026-08-09T12:49:37+00:00 ok state=PRIMARY_DUAL_MATRIX item=R2-M0 item_state=RETRY_PENDING hb_age_s=30 worker_stall_s=57
2026-08-09T12:51:39+00:00 ok state=PRIMARY_DUAL_MATRIX item=R2-M0 item_state=RUNNING hb_age_s=30 worker_stall_s=96
2026-08-09T12:53:41+00:00 ok state=PRIMARY_DUAL_MATRIX item=R2-M0 item_state=RUNNING hb_age_s=31 worker_stall_s=218
2026-08-09T12:55:55+00:00 ok state=COVERAGE_DUAL_MATRIX item=C1 item_state=WAITING_REGISTRATION hb_age_s=12 worker_stall_s=42
2026-08-09T12:58:05+00:00 ok state=COVERAGE_DUAL_MATRIX item=C1 item_state=RUNNING hb_age_s=21 worker_stall_s=108
2026-08-09T13:00:15+00:00 ok state=COVERAGE_DUAL_MATRIX item=C1 item_state=RUNNING hb_age_s=29 worker_stall_s=238
2026-08-09T13:02:17+00:00 ok state=COVERAGE_DUAL_MATRIX item=C1 item_state=RETRY_PENDING hb_age_s=31 worker_stall_s=61
2026-08-09T13:04:19+00:00 ok state=COVERAGE_DUAL_MATRIX item=C1 item_state=RUNNING hb_age_s=30 worker_stall_s=123
2026-08-09T13:06:21+00:00 ok state=COVERAGE_DUAL_MATRIX item=C1 item_state=RUNNING hb_age_s=31 worker_stall_s=245
2026-08-09T13:08:22+00:00 ok state=COVERAGE_DUAL_MATRIX item=C1 item_state=RETRY_PENDING hb_age_s=30 worker_stall_s=42
2026-08-09T13:10:24+00:00 ok state=COVERAGE_DUAL_MATRIX item=C1 item_state=RUNNING hb_age_s=30 worker_stall_s=81
2026-08-09T13:12:26+00:00 ok state=COVERAGE_DUAL_MATRIX item=C1 item_state=RUNNING hb_age_s=31 worker_stall_s=203
2026-08-09T13:14:35+00:00 ok state=COVERAGE_DUAL_MATRIX item=C2 item_state=WAITING_REGISTRATION hb_age_s=7 worker_stall_s=21
2026-08-09T13:16:45+00:00 ok state=COVERAGE_DUAL_MATRIX item=C2 item_state=RUNNING hb_age_s=15 worker_stall_s=105
2026-08-09T13:18:55+00:00 ok state=COVERAGE_DUAL_MATRIX item=C2 item_state=RUNNING hb_age_s=23 worker_stall_s=235
2026-08-09T13:21:05+00:00 ok state=COVERAGE_DUAL_MATRIX item=C3 item_state=WAITING_REGISTRATION hb_age_s=2 worker_stall_s=33
2026-08-09T13:23:15+00:00 ok state=COVERAGE_DUAL_MATRIX item=C3 item_state=RUNNING hb_age_s=11 worker_stall_s=117
2026-08-09T13:25:25+00:00 ok state=COVERAGE_DUAL_MATRIX item=C3 item_state=RUNNING hb_age_s=19 worker_stall_s=247
2026-08-09T13:27:35+00:00 ok state=COVERAGE_DUAL_MATRIX item=C4 item_state=WAITING_REGISTRATION hb_age_s=27 worker_stall_s=44
2026-08-09T13:29:39+00:00 ok state=COVERAGE_DUAL_MATRIX item=C4 item_state=RUNNING hb_age_s=31 worker_stall_s=123
2026-08-09T13:31:41+00:00 ok state=COVERAGE_DUAL_MATRIX item=C4 item_state=RUNNING hb_age_s=31 worker_stall_s=245
2026-08-09T13:33:55+00:00 ok state=COVERAGE_DUAL_MATRIX item=C5 item_state=WAITING_REGISTRATION hb_age_s=12 worker_stall_s=45
2026-08-09T13:36:05+00:00 ok state=COVERAGE_DUAL_MATRIX item=C5 item_state=RUNNING hb_age_s=21 worker_stall_s=129
2026-08-09T13:38:15+00:00 ok state=COVERAGE_DUAL_MATRIX item=C5 item_state=RUNNING hb_age_s=29 worker_stall_s=259
2026-08-09T13:40:15+00:00 ok state=COVERAGE_DUAL_MATRIX item=C6 item_state=WAITING_REGISTRATION hb_age_s=28 worker_stall_s=47
2026-08-09T13:42:18+00:00 ok state=COVERAGE_DUAL_MATRIX item=C6 item_state=RUNNING hb_age_s=30 worker_stall_s=124
2026-08-09T13:44:20+00:00 ok state=COVERAGE_DUAL_MATRIX item=C6 item_state=RUNNING hb_age_s=30 worker_stall_s=246
2026-08-09T13:46:35+00:00 ok state=SINGLE_PATH_DIAGNOSTICS item=S1 item_state=RUNNING hb_age_s=13 worker_stall_s=17
2026-08-09T13:48:45+00:00 ok state=SINGLE_PATH_DIAGNOSTICS item=S1 item_state=RUNNING hb_age_s=21 worker_stall_s=147
2026-08-09T13:50:55+00:00 ok state=SINGLE_PATH_DIAGNOSTICS item=S1 item_state=RUNNING hb_age_s=29 worker_stall_s=277
2026-08-09T13:52:56+00:00 ok state=SINGLE_PATH_DIAGNOSTICS item=S2 item_state=WAITING_REGISTRATION hb_age_s=30 worker_stall_s=67
2026-08-09T13:54:58+00:00 ok state=SINGLE_PATH_DIAGNOSTICS item=S2 item_state=RUNNING hb_age_s=30 worker_stall_s=148
2026-08-09T13:57:00+00:00 ok state=SINGLE_PATH_DIAGNOSTICS item=S2 item_state=RUNNING hb_age_s=31 worker_stall_s=270
2026-08-09T13:59:01+00:00 ok state=SINGLE_PATH_DIAGNOSTICS item=S3 item_state=WAITING_REGISTRATION hb_age_s=31 worker_stall_s=59
2026-08-09T14:01:03+00:00 ok state=SINGLE_PATH_DIAGNOSTICS item=S3 item_state=RUNNING hb_age_s=31 worker_stall_s=72
2026-08-09T14:03:04+00:00 ok state=SINGLE_PATH_DIAGNOSTICS item=S3 item_state=RUNNING hb_age_s=30 worker_stall_s=193
2026-08-09T14:05:06+00:00 ok state=SINGLE_PATH_DIAGNOSTICS item=S3 item_state=RUNNING hb_age_s=30 worker_stall_s=315
2026-08-09T14:07:07+00:00 ok state=SINGLE_PATH_DIAGNOSTICS item=S4 item_state=RUNNING hb_age_s=30 worker_stall_s=62
2026-08-09T14:09:09+00:00 ok state=SINGLE_PATH_DIAGNOSTICS item=S4 item_state=RUNNING hb_age_s=31 worker_stall_s=184
2026-08-09T14:11:10+00:00 ok state=SINGLE_PATH_DIAGNOSTICS item=S4 item_state=RUNNING hb_age_s=30 worker_stall_s=305
2026-08-09T14:13:11+00:00 ok state=SINGLE_PATH_DIAGNOSTICS item=S5 item_state=RUNNING hb_age_s=30 worker_stall_s=63
2026-08-09T14:15:13+00:00 ok state=SINGLE_PATH_DIAGNOSTICS item=S5 item_state=RUNNING hb_age_s=30 worker_stall_s=185
2026-08-09T14:17:15+00:00 ok state=SINGLE_PATH_DIAGNOSTICS item=S5 item_state=RUNNING hb_age_s=31 worker_stall_s=307
2026-08-09T14:19:17+00:00 ok state=SINGLE_PATH_DIAGNOSTICS item=S6 item_state=RUNNING hb_age_s=31 worker_stall_s=54
2026-08-09T14:21:17+00:00 ok state=SINGLE_PATH_DIAGNOSTICS item=S6 item_state=RUNNING hb_age_s=30 worker_stall_s=90
2026-08-09T14:23:19+00:00 ok state=SINGLE_PATH_DIAGNOSTICS item=S6 item_state=RUNNING hb_age_s=30 worker_stall_s=212
2026-08-09T14:25:25+00:00 ok state=B3_HEADROOM_STAIRCASE item=H-LTE1-4M item_state=APPLYING_BANDS hb_age_s=4 worker_stall_s=8
2026-08-09T14:27:26+00:00 ok state=B3_HEADROOM_STAIRCASE item=H-LTE1-4M item_state=RUNNING hb_age_s=4 worker_stall_s=83
2026-08-09T14:29:28+00:00 ok state=B3_HEADROOM_STAIRCASE item=H-LTE1-6M item_state=RUNNING hb_age_s=6 worker_stall_s=84
2026-08-09T14:31:30+00:00 ok state=B3_HEADROOM_STAIRCASE item=H-LTE1-8M item_state=RUNNING hb_age_s=7 worker_stall_s=84
2026-08-09T14:33:33+00:00 ok state=B3_HEADROOM_STAIRCASE item=H-LTE1-10M item_state=RUNNING hb_age_s=8 worker_stall_s=83
2026-08-09T14:35:35+00:00 ok state=B3_HEADROOM_STAIRCASE item=H-LTE1-12M item_state=RETRY_PENDING hb_age_s=9 worker_stall_s=59
2026-08-09T14:37:39+00:00 ok state=B3_HEADROOM_STAIRCASE item=H-LTE2-4M item_state=WAITING_REGISTRATION hb_age_s=12 worker_stall_s=32
2026-08-09T14:39:41+00:00 ok state=B3_HEADROOM_STAIRCASE item=H-LTE2-6M item_state=WAITING_REGISTRATION hb_age_s=13 worker_stall_s=32
2026-08-09T14:41:43+00:00 ok state=B3_HEADROOM_STAIRCASE item=H-LTE2-8M item_state=WAITING_REGISTRATION hb_age_s=14 worker_stall_s=32
2026-08-09T14:43:55+00:00 ok state=B3_HEADROOM_STAIRCASE item=H-LTE2-8M item_state=RUNNING hb_age_s=24 worker_stall_s=49
2026-08-09T14:46:01+00:00 ok state=B3_HEADROOM_STAIRCASE item=H-LTE2-10M item_state=RETRY_PENDING hb_age_s=30 worker_stall_s=31
2026-08-09T14:48:15+00:00 ok state=B3_HEADROOM_STAIRCASE item=H-LTE2-12M item_state=WAITING_REGISTRATION hb_age_s=11 worker_stall_s=13
2026-08-09T14:50:25+00:00 ok state=LONG_STABILITY item=L1-R1 item_state=APPLYING_BANDS hb_age_s=20 worker_stall_s=25
2026-08-09T14:52:35+00:00 ok state=LONG_STABILITY item=L1-R1 item_state=RUNNING hb_age_s=29 worker_stall_s=109
2026-08-09T14:54:37+00:00 ok state=LONG_STABILITY item=L1-R1 item_state=RUNNING hb_age_s=30 worker_stall_s=232
2026-08-09T14:56:39+00:00 ok state=LONG_STABILITY item=L1-R1 item_state=RUNNING hb_age_s=30 worker_stall_s=354
2026-08-09T14:58:41+00:00 ok state=LONG_STABILITY item=L1-R1 item_state=RUNNING hb_age_s=30 worker_stall_s=476
2026-08-09T15:00:43+00:00 ok state=LONG_STABILITY item=L1-R1 item_state=RUNNING hb_age_s=30 worker_stall_s=33
2026-08-09T15:02:45+00:00 ok state=LONG_STABILITY item=L1-R1 item_state=RUNNING hb_age_s=30 worker_stall_s=34
2026-08-09T15:04:47+00:00 ok state=LONG_STABILITY item=L1-R1 item_state=RUNNING hb_age_s=31 worker_stall_s=133
2026-08-09T15:06:48+00:00 ok state=LONG_STABILITY item=L1-R1 item_state=RUNNING hb_age_s=30 worker_stall_s=254
2026-08-09T15:08:50+00:00 ok state=LONG_STABILITY item=L1-R1 item_state=RUNNING hb_age_s=30 worker_stall_s=376
2026-08-09T15:10:52+00:00 ok state=LONG_STABILITY item=L1-R1 item_state=RUNNING hb_age_s=31 worker_stall_s=498
2026-08-09T15:12:53+00:00 ok state=LONG_STABILITY item=L1-R1 item_state=RUNNING hb_age_s=30 worker_stall_s=619
2026-08-09T15:14:55+00:00 ok state=LONG_STABILITY item=L1-R1 item_state=RUNNING hb_age_s=30 worker_stall_s=81
2026-08-09T15:16:57+00:00 ok state=LONG_STABILITY item=L1-R1 item_state=RUNNING hb_age_s=30 worker_stall_s=203
2026-08-09T15:18:59+00:00 ok state=LONG_STABILITY item=L1-R1 item_state=RUNNING hb_age_s=30 worker_stall_s=325
2026-08-09T15:21:01+00:00 ok state=LONG_STABILITY item=L1-R1 item_state=RUNNING hb_age_s=30 worker_stall_s=447
2026-08-09T15:23:03+00:00 ok state=LONG_STABILITY item=L1-R1 item_state=RUNNING hb_age_s=30 worker_stall_s=569
2026-08-09T15:25:15+00:00 ok state=LONG_STABILITY item=L1-R2 item_state=RUNNING hb_age_s=10 worker_stall_s=34
2026-08-09T15:27:25+00:00 ok state=LONG_STABILITY item=L1-R2 item_state=RUNNING hb_age_s=18 worker_stall_s=164
2026-08-09T15:29:28+00:00 ok state=LONG_STABILITY item=L1-R2 item_state=RUNNING hb_age_s=20 worker_stall_s=288
2026-08-09T15:31:35+00:00 ok state=LONG_STABILITY item=L1-R2 item_state=RUNNING hb_age_s=24 worker_stall_s=414
2026-08-09T15:33:42+00:00 ok state=LONG_STABILITY item=L1-R2 item_state=RUNNING hb_age_s=30 worker_stall_s=542
2026-08-09T15:35:48+00:00 ok state=LONG_STABILITY item=L1-R3 item_state=WAITING_REGISTRATION hb_age_s=4 worker_stall_s=32
2026-08-09T15:37:55+00:00 ok state=LONG_STABILITY item=L1-R3 item_state=RUNNING hb_age_s=9 worker_stall_s=128
2026-08-09T15:40:05+00:00 ok state=LONG_STABILITY item=L1-R3 item_state=RUNNING hb_age_s=17 worker_stall_s=258
2026-08-09T15:42:15+00:00 ok state=LONG_STABILITY item=L1-R3 item_state=RUNNING hb_age_s=25 worker_stall_s=388
2026-08-09T15:44:21+00:00 ok state=LONG_STABILITY item=L1-R3 item_state=RUNNING hb_age_s=30 worker_stall_s=515
2026-08-09T15:46:35+00:00 ok state=LONG_STABILITY item=L2-R1 item_state=WAITING_REGISTRATION hb_age_s=11 worker_stall_s=14
2026-08-09T15:48:45+00:00 ok state=LONG_STABILITY item=L2-R1 item_state=RUNNING hb_age_s=20 worker_stall_s=80
2026-08-09T15:50:55+00:00 ok state=LONG_STABILITY item=L2-R1 item_state=RUNNING hb_age_s=28 worker_stall_s=210
2026-08-09T15:52:58+00:00 ok state=LONG_STABILITY item=L2-R1 item_state=RUNNING hb_age_s=31 worker_stall_s=334
2026-08-09T15:54:59+00:00 ok state=LONG_STABILITY item=L2-R1 item_state=RUNNING hb_age_s=30 worker_stall_s=455
2026-08-09T15:57:01+00:00 ok state=LONG_STABILITY item=L2-R1 item_state=RUNNING hb_age_s=30 worker_stall_s=577
2026-08-09T15:59:03+00:00 ok state=LONG_STABILITY item=L2-R1 item_state=RUNNING hb_age_s=31 worker_stall_s=39
2026-08-09T16:01:04+00:00 ok state=LONG_STABILITY item=L2-R1 item_state=RUNNING hb_age_s=30 worker_stall_s=137
2026-08-09T16:03:06+00:00 ok state=LONG_STABILITY item=L2-R1 item_state=RUNNING hb_age_s=30 worker_stall_s=259
2026-08-09T16:05:08+00:00 ok state=LONG_STABILITY item=L2-R1 item_state=RUNNING hb_age_s=30 worker_stall_s=381
2026-08-09T16:07:10+00:00 ok state=LONG_STABILITY item=L2-R1 item_state=RETRY_PENDING hb_age_s=31 worker_stall_s=59
2026-08-09T16:09:11+00:00 ok state=LONG_STABILITY item=L2-R1 item_state=RUNNING hb_age_s=30 worker_stall_s=120
2026-08-09T16:11:13+00:00 ok state=LONG_STABILITY item=L2-R1 item_state=RUNNING hb_age_s=30 worker_stall_s=242
2026-08-09T16:13:15+00:00 ok state=LONG_STABILITY item=L2-R1 item_state=RUNNING hb_age_s=30 worker_stall_s=364
2026-08-09T16:15:17+00:00 ok state=LONG_STABILITY item=L2-R1 item_state=RUNNING hb_age_s=30 worker_stall_s=486
2026-08-09T16:17:19+00:00 ok state=LONG_STABILITY item=L2-R1 item_state=RUNNING hb_age_s=30 worker_stall_s=608
2026-08-09T16:19:20+00:00 ok state=LONG_STABILITY item=L2-R2 item_state=RUNNING hb_age_s=30 worker_stall_s=64
2026-08-09T16:21:22+00:00 ok state=LONG_STABILITY item=L2-R2 item_state=RUNNING hb_age_s=30 worker_stall_s=186
2026-08-09T16:23:24+00:00 ok state=LONG_STABILITY item=L2-R2 item_state=RUNNING hb_age_s=30 worker_stall_s=308
2026-08-09T16:25:26+00:00 ok state=LONG_STABILITY item=L2-R2 item_state=RUNNING hb_age_s=31 worker_stall_s=430
2026-08-09T16:27:28+00:00 ok state=LONG_STABILITY item=L2-R2 item_state=RUNNING hb_age_s=31 worker_stall_s=552
2026-08-09T16:29:35+00:00 ok state=LONG_STABILITY item=L2-R3 item_state=RUNNING hb_age_s=6 worker_stall_s=15
2026-08-09T16:31:45+00:00 ok state=LONG_STABILITY item=L2-R3 item_state=RUNNING hb_age_s=13 worker_stall_s=144
2026-08-09T16:33:55+00:00 ok state=LONG_STABILITY item=L2-R3 item_state=RUNNING hb_age_s=21 worker_stall_s=274
2026-08-09T16:36:05+00:00 ok state=LONG_STABILITY item=L2-R3 item_state=RUNNING hb_age_s=29 worker_stall_s=404
2026-08-09T16:38:07+00:00 ok state=LONG_STABILITY item=L2-R3 item_state=RUNNING hb_age_s=30 worker_stall_s=527
2026-08-09T16:40:15+00:00 ok state=LONG_STABILITY item=L2-R3 item_state=RUNNING hb_age_s=35 worker_stall_s=654
2026-08-09T16:42:23+00:00 ok state=COMPLETE item=L2-R3 item_state=STARTING hb_age_s=19 worker_stall_s=157
2026-08-09T16:44:23+00:00 ok state=COMPLETE item=L2-R3 item_state=STARTING hb_age_s=35 worker_stall_s=277
2026-08-09T16:46:27+00:00 ok state=COMPLETE item=L2-R3 item_state=STARTING hb_age_s=20 worker_stall_s=401
2026-08-09T16:48:27+00:00 restart ltap-mixed-lte6-matrix.service: worker progress stale stall_s=522 limit_s=420
2026-08-09T16:50:29+00:00 restart ltap-mixed-lte6-matrix.service: worker progress stale stall_s=643 limit_s=420
2026-08-09T16:52:35+00:00 restart ltap-mixed-lte6-matrix.service: worker progress stale stall_s=769 limit_s=420
2026-08-09T16:54:35+00:00 restart ltap-mixed-lte6-matrix.service: worker progress stale stall_s=890 limit_s=420
2026-08-09T16:56:36+00:00 restart ltap-mixed-lte6-matrix.service: worker progress stale stall_s=1011 limit_s=420
2026-08-09T16:58:45+00:00 restart ltap-mixed-lte6-matrix.service: worker progress stale stall_s=1139 limit_s=420
2026-08-09T17:00:46+00:00 restart ltap-mixed-lte6-matrix.service: worker progress stale stall_s=1260 limit_s=420
