2026-08-10T17:25:14+00:00 no heartbeat yet
2026-08-10T17:25:44+00:00 ok state=STARTING item=None item_state=STARTING hb_age_s=16 worker_stall_s=17
2026-08-10T17:26:14+00:00 ok state=FIRMWARE_UPGRADE_START item=None item_state=STARTING hb_age_s=16 worker_stall_s=47
2026-08-10T17:26:44+00:00 ok state=FIRMWARE_UPGRADE_START item=None item_state=STARTING hb_age_s=16 worker_stall_s=77
2026-08-10T17:27:15+00:00 ok state=FIRMWARE_UPGRADE_START item=None item_state=STARTING hb_age_s=16 worker_stall_s=107
2026-08-10T17:27:45+00:00 ok state=FIRMWARE_UPGRADE_START item=None item_state=STARTING hb_age_s=16 worker_stall_s=137
2026-08-10T17:28:15+00:00 ok state=FIRMWARE_UPGRADE_START item=None item_state=STARTING hb_age_s=46 worker_stall_s=167
2026-08-10T17:28:45+00:00 ok state=FIRMWARE_UPGRADE_START item=None item_state=STARTING hb_age_s=76 worker_stall_s=197
2026-08-10T17:29:15+00:00 ok state=WAIT_FG621_REAPPEAR item=None item_state=STARTING hb_age_s=2 worker_stall_s=227
2026-08-10T17:29:45+00:00 ok state=WAIT_FG621_REAPPEAR item=None item_state=STARTING hb_age_s=32 worker_stall_s=257
2026-08-10T17:30:15+00:00 ok state=WAIT_FG621_REAPPEAR item=None item_state=STARTING hb_age_s=62 worker_stall_s=287
2026-08-10T17:30:45+00:00 ok state=POST_UPGRADE_TESTING item=None item_state=STARTING hb_age_s=6 worker_stall_s=318
2026-08-10T17:31:15+00:00 ok state=POST_UPGRADE_SMOKE item=None item_state=STARTING hb_age_s=6 worker_stall_s=348
2026-08-10T17:31:45+00:00 ok state=POST_UPGRADE_SMOKE item=None item_state=SMOKE_SMOKE-LTE1 hb_age_s=6 worker_stall_s=12
2026-08-10T17:32:15+00:00 ok state=POST_UPGRADE_SMOKE item=None item_state=SMOKE_SMOKE-LTE2 hb_age_s=5 worker_stall_s=9
2026-08-10T17:32:45+00:00 ok state=POST_UPGRADE_SMOKE item=None item_state=SMOKE_SMOKE-DUAL hb_age_s=5 worker_stall_s=6
2026-08-10T17:33:15+00:00 ok state=POST_UPGRADE_SMOKE item=None item_state=SMOKE_SMOKE-DUAL hb_age_s=5 worker_stall_s=36
2026-08-10T17:33:45+00:00 ok state=POST_FIRMWARE_F1_B3_B3 item=F1 item_state=WAITING_REGISTRATION hb_age_s=5 worker_stall_s=16
2026-08-10T17:34:16+00:00 ok state=POST_FIRMWARE_F1_B3_B3 item=F1 item_state=RUNNING hb_age_s=4 worker_stall_s=15
2026-08-10T17:34:46+00:00 ok state=POST_FIRMWARE_F1_B3_B3 item=F1 item_state=RUNNING hb_age_s=4 worker_stall_s=45
2026-08-10T17:35:16+00:00 ok state=POST_FIRMWARE_F1_B3_B3 item=F1 item_state=RUNNING hb_age_s=4 worker_stall_s=75
2026-08-10T17:35:46+00:00 ok state=POST_FIRMWARE_F1_B3_B3 item=F1 item_state=RUNNING hb_age_s=3 worker_stall_s=105
2026-08-10T17:36:16+00:00 ok state=POST_FIRMWARE_F1_B3_B3 item=F1 item_state=RUNNING hb_age_s=2 worker_stall_s=135
2026-08-10T17:36:46+00:00 ok state=POST_FIRMWARE_F1_B3_B3 item=F1 item_state=RUNNING hb_age_s=2 worker_stall_s=165
2026-08-10T17:37:16+00:00 ok state=POST_FIRMWARE_F1_B3_B3 item=F1 item_state=RUNNING hb_age_s=2 worker_stall_s=195
2026-08-10T17:37:46+00:00 ok state=POST_FIRMWARE_F1_B3_B3 item=F1 item_state=RUNNING hb_age_s=1 worker_stall_s=225
2026-08-10T17:38:16+00:00 ok state=POST_FIRMWARE_F1_B3_B3 item=F1 item_state=RUNNING hb_age_s=2 worker_stall_s=256
2026-08-10T17:38:46+00:00 ok state=POST_FIRMWARE_F1_B3_B3 item=F1 item_state=RUNNING hb_age_s=1 worker_stall_s=286
2026-08-10T17:39:16+00:00 ok state=POST_FIRMWARE_F1_B3_B3 item=F1 item_state=RUNNING hb_age_s=31 worker_stall_s=316
2026-08-10T17:39:46+00:00 ok state=POST_FIRMWARE_F1_B3_B3 item=F1 item_state=RUNNING hb_age_s=31 worker_stall_s=346
2026-08-10T17:40:16+00:00 ok state=POST_FIRMWARE_F2_B3_B8 item=F2 item_state=WAITING_REGISTRATION hb_age_s=31 worker_stall_s=44
2026-08-10T17:40:46+00:00 ok state=POST_FIRMWARE_F2_B3_B8 item=F2 item_state=RUNNING hb_age_s=30 worker_stall_s=43
2026-08-10T17:41:17+00:00 ok state=POST_FIRMWARE_F2_B3_B8 item=F2 item_state=RUNNING hb_age_s=30 worker_stall_s=73
2026-08-10T17:41:47+00:00 ok state=POST_FIRMWARE_F2_B3_B8 item=F2 item_state=RUNNING hb_age_s=29 worker_stall_s=103
2026-08-10T17:42:17+00:00 ok state=POST_FIRMWARE_F2_B3_B8 item=F2 item_state=RUNNING hb_age_s=29 worker_stall_s=133
2026-08-10T17:42:47+00:00 ok state=POST_FIRMWARE_F2_B3_B8 item=F2 item_state=RUNNING hb_age_s=29 worker_stall_s=163
2026-08-10T17:43:17+00:00 ok state=POST_FIRMWARE_F2_B3_B8 item=F2 item_state=RUNNING hb_age_s=28 worker_stall_s=193
2026-08-10T17:43:47+00:00 ok state=POST_FIRMWARE_F2_B3_B8 item=F2 item_state=RUNNING hb_age_s=29 worker_stall_s=224
2026-08-10T17:44:17+00:00 ok state=POST_FIRMWARE_F2_B3_B8 item=F2 item_state=RUNNING hb_age_s=28 worker_stall_s=254
2026-08-10T17:44:47+00:00 ok state=POST_FIRMWARE_F2_B3_B8 item=F2 item_state=RUNNING hb_age_s=28 worker_stall_s=284
2026-08-10T17:45:17+00:00 ok state=POST_FIRMWARE_F2_B3_B8 item=F2 item_state=RUNNING hb_age_s=27 worker_stall_s=314
2026-08-10T17:45:47+00:00 ok state=POST_FIRMWARE_F2_B3_B8 item=F2 item_state=RUNNING hb_age_s=27 worker_stall_s=344
2026-08-10T17:46:17+00:00 ok state=POST_FIRMWARE_F3_B3_B7 item=F3 item_state=WAITING_REGISTRATION hb_age_s=27 worker_stall_s=40
2026-08-10T17:46:48+00:00 ok state=POST_FIRMWARE_F3_B3_B7 item=F3 item_state=RUNNING hb_age_s=27 worker_stall_s=34
2026-08-10T17:47:18+00:00 ok state=POST_FIRMWARE_F3_B3_B7 item=F3 item_state=RUNNING hb_age_s=26 worker_stall_s=64
2026-08-10T18:19:07+00:00 ok state=CONDITIONAL_LONG_B3_B3 item=L3-1 item_state=RUNNING hb_age_s=24 worker_stall_s=363
2026-08-10T18:19:37+00:00 ok state=CONDITIONAL_LONG_B3_B3 item=L3-1 item_state=RUNNING hb_age_s=23 worker_stall_s=393
2026-08-10T18:20:07+00:00 ok state=CONDITIONAL_LONG_B3_B3 item=L3-1 item_state=RUNNING hb_age_s=23 worker_stall_s=423
2026-08-10T18:20:37+00:00 ok state=CONDITIONAL_LONG_B3_B3 item=L3-1 item_state=RUNNING hb_age_s=23 worker_stall_s=454
2026-08-10T18:21:07+00:00 ok state=CONDITIONAL_LONG_B3_B3 item=L3-1 item_state=RUNNING hb_age_s=23 worker_stall_s=484
2026-08-10T18:21:37+00:00 ok state=CONDITIONAL_LONG_B3_B3 item=L3-1 item_state=RUNNING hb_age_s=22 worker_stall_s=514
2026-08-10T18:22:07+00:00 ok state=CONDITIONAL_LONG_B3_B3 item=L3-1 item_state=RUNNING hb_age_s=22 worker_stall_s=544
2026-08-10T18:22:38+00:00 ok state=CONDITIONAL_LONG_B3_B3 item=L3-1 item_state=RUNNING hb_age_s=21 worker_stall_s=574
2026-08-10T18:23:08+00:00 ok state=CONDITIONAL_LONG_B3_B3 item=L3-1 item_state=RUNNING hb_age_s=21 worker_stall_s=604
2026-08-10T18:23:38+00:00 ok state=CONDITIONAL_LONG_B3_B3 item=L3-1 item_state=RUNNING hb_age_s=20 worker_stall_s=634
2026-08-10T18:24:08+00:00 ok state=CONDITIONAL_LONG_B3_B3 item=L3-2 item_state=WAITING_REGISTRATION hb_age_s=20 worker_stall_s=29
2026-08-10T18:24:38+00:00 ok state=CONDITIONAL_LONG_B3_B3 item=L3-2 item_state=RUNNING hb_age_s=20 worker_stall_s=29
2026-08-10T18:25:08+00:00 ok state=CONDITIONAL_LONG_B3_B3 item=L3-2 item_state=RUNNING hb_age_s=20 worker_stall_s=59
2026-08-10T18:25:38+00:00 ok state=CONDITIONAL_LONG_B3_B3 item=L3-2 item_state=RUNNING hb_age_s=20 worker_stall_s=90
2026-08-10T18:26:08+00:00 ok state=CONDITIONAL_LONG_B3_B3 item=L3-2 item_state=RUNNING hb_age_s=20 worker_stall_s=120
2026-08-10T18:26:38+00:00 ok state=CONDITIONAL_LONG_B3_B3 item=L3-2 item_state=RUNNING hb_age_s=19 worker_stall_s=150
2026-08-10T18:27:08+00:00 ok state=CONDITIONAL_LONG_B3_B3 item=L3-2 item_state=RUNNING hb_age_s=19 worker_stall_s=180
2026-08-10T18:27:39+00:00 ok state=CONDITIONAL_LONG_B3_B3 item=L3-2 item_state=RUNNING hb_age_s=18 worker_stall_s=210
2026-08-10T18:28:09+00:00 ok state=CONDITIONAL_LONG_B3_B3 item=L3-2 item_state=RUNNING hb_age_s=18 worker_stall_s=240
2026-08-10T18:28:39+00:00 ok state=CONDITIONAL_LONG_B3_B3 item=L3-2 item_state=RUNNING hb_age_s=17 worker_stall_s=270
2026-08-10T18:29:09+00:00 ok state=CONDITIONAL_LONG_B3_B3 item=L3-2 item_state=RUNNING hb_age_s=17 worker_stall_s=300
2026-08-10T18:29:39+00:00 ok state=CONDITIONAL_LONG_B3_B3 item=L3-2 item_state=RUNNING hb_age_s=16 worker_stall_s=330
2026-08-10T18:30:09+00:00 ok state=CONDITIONAL_LONG_B3_B3 item=L3-2 item_state=RUNNING hb_age_s=17 worker_stall_s=361
2026-08-10T18:30:39+00:00 ok state=CONDITIONAL_LONG_B3_B3 item=L3-2 item_state=RUNNING hb_age_s=16 worker_stall_s=391
2026-08-10T18:31:09+00:00 ok state=CONDITIONAL_LONG_B3_B3 item=L3-2 item_state=RUNNING hb_age_s=16 worker_stall_s=421
2026-08-10T18:31:39+00:00 ok state=CONDITIONAL_LONG_B3_B3 item=L3-2 item_state=RUNNING hb_age_s=15 worker_stall_s=451
2026-08-10T18:32:10+00:00 ok state=CONDITIONAL_LONG_B3_B3 item=L3-2 item_state=RUNNING hb_age_s=15 worker_stall_s=481
2026-08-10T18:32:40+00:00 ok state=CONDITIONAL_LONG_B3_B3 item=L3-2 item_state=RUNNING hb_age_s=14 worker_stall_s=511
2026-08-10T18:33:10+00:00 ok state=CONDITIONAL_LONG_B3_B3 item=L3-2 item_state=RUNNING hb_age_s=14 worker_stall_s=541
2026-08-10T18:33:40+00:00 ok state=CONDITIONAL_LONG_B3_B3 item=L3-2 item_state=RUNNING hb_age_s=14 worker_stall_s=572
2026-08-10T18:34:10+00:00 ok state=CONDITIONAL_LONG_B3_B3 item=L3-2 item_state=RUNNING hb_age_s=14 worker_stall_s=602
2026-08-10T18:34:40+00:00 ok state=CONDITIONAL_LONG_B3_B3 item=L3-2 item_state=RUNNING hb_age_s=13 worker_stall_s=632
2026-08-10T18:35:10+00:00 ok state=CONDITIONAL_FG621_B3_STAIRCASE item=STAIR-8M item_state=SKIPPED_NOT_TRIGGERED hb_age_s=13 worker_stall_s=13
2026-08-10T18:35:40+00:00 ok state=CONDITIONAL_FG621_B3_STAIRCASE item=STAIR-8M item_state=SKIPPED_NOT_TRIGGERED hb_age_s=43 worker_stall_s=43
2026-08-10T18:36:10+00:00 ok state=CONDITIONAL_FG621_B3_STAIRCASE item=STAIR-8M item_state=SKIPPED_NOT_TRIGGERED hb_age_s=73 worker_stall_s=73
2026-08-10T18:36:40+00:00 ok state=CONDITIONAL_FG621_B3_STAIRCASE item=STAIR-8M item_state=SKIPPED_NOT_TRIGGERED hb_age_s=103 worker_stall_s=103
2026-08-10T18:37:11+00:00 ok state=CONDITIONAL_FG621_B3_STAIRCASE item=STAIR-8M item_state=SKIPPED_NOT_TRIGGERED hb_age_s=133 worker_stall_s=133
2026-08-10T18:37:41+00:00 ok state=CONDITIONAL_FG621_B3_STAIRCASE item=STAIR-8M item_state=SKIPPED_NOT_TRIGGERED hb_age_s=163 worker_stall_s=163
