2026-08-09T20:34:14+00:00 no heartbeat yet
2026-08-09T20:36:25+00:00 ok state=SWAPPED_SLOT_VALIDATION item=S1 item_state=WAITING_REGISTRATION hb_age_s=8 worker_stall_s=13
2026-08-09T20:38:29+00:00 ok state=SWAPPED_SLOT_VALIDATION item=S1 item_state=RUNNING hb_age_s=11 worker_stall_s=13
2026-08-09T20:40:35+00:00 ok state=SWAPPED_SLOT_VALIDATION item=S1 item_state=RUNNING hb_age_s=15 worker_stall_s=139
2026-08-09T20:42:45+00:00 ok state=SWAPPED_SLOT_VALIDATION item=S1 item_state=RUNNING hb_age_s=23 worker_stall_s=269
2026-08-09T20:44:53+00:00 ok state=SWAPPED_SLOT_VALIDATION item=S2 item_state=RUNNING hb_age_s=31 worker_stall_s=36
2026-08-09T20:46:55+00:00 ok state=SWAPPED_SLOT_VALIDATION item=S2 item_state=RUNNING hb_age_s=30 worker_stall_s=158
2026-08-09T20:48:57+00:00 ok state=SWAPPED_SLOT_VALIDATION item=S2 item_state=RUNNING hb_age_s=30 worker_stall_s=280
2026-08-09T20:50:58+00:00 ok state=SWAPPED_SLOT_VALIDATION item=C1 item_state=RUNNING hb_age_s=30 worker_stall_s=38
2026-08-09T20:53:00+00:00 ok state=SWAPPED_SLOT_VALIDATION item=C1 item_state=RUNNING hb_age_s=30 worker_stall_s=137
2026-08-09T20:55:03+00:00 ok state=SWAPPED_SLOT_VALIDATION item=C1 item_state=RUNNING hb_age_s=31 worker_stall_s=260
2026-08-09T20:57:05+00:00 ok state=SWAPPED_SLOT_VALIDATION item=C1 item_state=RUNNING hb_age_s=31 worker_stall_s=382
2026-08-09T20:59:07+00:00 ok state=SWAPPED_SLOT_VALIDATION item=C1 item_state=RUNNING hb_age_s=31 worker_stall_s=504
2026-08-09T21:01:09+00:00 ok state=SWAPPED_SLOT_VALIDATION item=C1 item_state=RUNNING hb_age_s=31 worker_stall_s=626
2026-08-09T21:03:11+00:00 ok state=SWAPPED_SLOT_VALIDATION item=C1 item_state=RUNNING hb_age_s=31 worker_stall_s=87
2026-08-09T21:05:13+00:00 ok state=SWAPPED_SLOT_VALIDATION item=C1 item_state=RUNNING hb_age_s=30 worker_stall_s=209
2026-08-09T21:07:15+00:00 ok state=SWAPPED_SLOT_VALIDATION item=C1 item_state=RUNNING hb_age_s=30 worker_stall_s=331
2026-08-09T21:09:17+00:00 ok state=SWAPPED_SLOT_VALIDATION item=C1 item_state=RUNNING hb_age_s=30 worker_stall_s=453
2026-08-09T21:11:19+00:00 ok state=SWAPPED_SLOT_VALIDATION item=C1 item_state=RUNNING hb_age_s=30 worker_stall_s=575
2026-08-09T21:13:21+00:00 ok state=SWAPPED_SLOT_VALIDATION item=C1 item_state=RETRY_PENDING hb_age_s=30 worker_stall_s=73
2026-08-09T21:15:24+00:00 ok state=SWAPPED_SLOT_VALIDATION item=C1 item_state=RUNNING hb_age_s=31 worker_stall_s=136
2026-08-09T21:17:26+00:00 ok state=SWAPPED_SLOT_VALIDATION item=C1 item_state=RUNNING hb_age_s=31 worker_stall_s=258
2026-08-09T21:19:28+00:00 ok state=SWAPPED_SLOT_VALIDATION item=C1 item_state=RUNNING hb_age_s=30 worker_stall_s=380
2026-08-09T21:21:30+00:00 ok state=SWAPPED_SLOT_VALIDATION item=C1 item_state=RUNNING hb_age_s=30 worker_stall_s=502
2026-08-09T21:23:32+00:00 ok state=SWAPPED_SLOT_VALIDATION item=C1 item_state=RUNNING hb_age_s=29 worker_stall_s=623
2026-08-09T21:25:34+00:00 ok state=SWAPPED_SLOT_VALIDATION item=C2 item_state=RUNNING hb_age_s=31 worker_stall_s=82
2026-08-09T21:27:35+00:00 ok state=SWAPPED_SLOT_VALIDATION item=C2 item_state=RUNNING hb_age_s=28 worker_stall_s=202
2026-08-09T21:29:38+00:00 ok state=SWAPPED_SLOT_VALIDATION item=C2 item_state=RUNNING hb_age_s=30 worker_stall_s=326
2026-08-09T21:31:41+00:00 ok state=SWAPPED_SLOT_VALIDATION item=C2 item_state=RUNNING hb_age_s=31 worker_stall_s=449
2026-08-09T21:33:43+00:00 ok state=SWAPPED_SLOT_VALIDATION item=C2 item_state=RUNNING hb_age_s=30 worker_stall_s=571
2026-08-09T21:35:45+00:00 ok state=SWAPPED_SLOT_VALIDATION item=C3 item_state=WAITING_REGISTRATION hb_age_s=31 worker_stall_s=60
2026-08-09T21:37:47+00:00 ok state=SWAPPED_SLOT_VALIDATION item=C3 item_state=RUNNING hb_age_s=31 worker_stall_s=128
2026-08-09T21:39:49+00:00 ok state=SWAPPED_SLOT_VALIDATION item=C3 item_state=RUNNING hb_age_s=31 worker_stall_s=250
2026-08-09T21:41:51+00:00 ok state=SWAPPED_SLOT_VALIDATION item=C3 item_state=RUNNING hb_age_s=31 worker_stall_s=372
2026-08-09T21:43:53+00:00 ok state=SWAPPED_SLOT_VALIDATION item=C3 item_state=RUNNING hb_age_s=31 worker_stall_s=494
2026-08-09T21:45:55+00:00 ok state=SWAPPED_SLOT_VALIDATION item=C3 item_state=RUNNING hb_age_s=31 worker_stall_s=616
2026-08-09T21:47:57+00:00 ok state=SWAPPED_SLOT_VALIDATION item=C3 item_state=RUNNING hb_age_s=31 worker_stall_s=77
2026-08-09T21:49:59+00:00 ok state=SWAPPED_SLOT_VALIDATION item=C3 item_state=RUNNING hb_age_s=31 worker_stall_s=199
2026-08-09T21:52:01+00:00 ok state=SWAPPED_SLOT_VALIDATION item=C3 item_state=RUNNING hb_age_s=30 worker_stall_s=321
2026-08-09T21:54:03+00:00 ok state=SWAPPED_SLOT_VALIDATION item=C3 item_state=RUNNING hb_age_s=30 worker_stall_s=443
2026-08-09T21:56:05+00:00 ok state=SWAPPED_SLOT_VALIDATION item=C3 item_state=RUNNING hb_age_s=30 worker_stall_s=565
2026-08-09T21:58:15+00:00 ok state=SWAPPED_SLOT_VALIDATION item=A1 item_state=RUNNING hb_age_s=7 worker_stall_s=29
2026-08-09T22:00:25+00:00 ok state=SWAPPED_SLOT_VALIDATION item=A1 item_state=RUNNING hb_age_s=15 worker_stall_s=159
2026-08-09T22:02:35+00:00 ok state=SWAPPED_SLOT_VALIDATION item=A1 item_state=RUNNING hb_age_s=23 worker_stall_s=144
2026-08-09T22:04:43+00:00 ok state=SWAPPED_SLOT_VALIDATION item=A1 item_state=RUNNING hb_age_s=30 worker_stall_s=273
2026-08-09T22:06:45+00:00 ok state=SWAPPED_SLOT_VALIDATION item=A1 item_state=RETRY_PENDING hb_age_s=30 worker_stall_s=34
2026-08-09T22:08:48+00:00 ok state=SWAPPED_SLOT_VALIDATION item=A1 item_state=RUNNING hb_age_s=31 worker_stall_s=75
2026-08-09T22:10:50+00:00 ok state=SWAPPED_SLOT_VALIDATION item=A1 item_state=RUNNING hb_age_s=31 worker_stall_s=197
2026-08-09T22:12:52+00:00 ok state=SWAPPED_SLOT_VALIDATION item=A1 item_state=RUNNING hb_age_s=31 worker_stall_s=319
2026-08-09T22:14:54+00:00 ok state=SWAPPED_SLOT_VALIDATION item=A1 item_state=RUNNING hb_age_s=31 worker_stall_s=441
2026-08-09T22:16:56+00:00 ok state=SWAPPED_SLOT_VALIDATION item=A1 item_state=RUNNING hb_age_s=31 worker_stall_s=563
2026-08-09T22:18:58+00:00 ok state=SWAPPED_SLOT_VALIDATION item=A1 item_state=RETRY_PENDING hb_age_s=31 worker_stall_s=83
2026-08-09T22:21:00+00:00 ok state=SWAPPED_SLOT_VALIDATION item=A1 item_state=RUNNING hb_age_s=30 worker_stall_s=145
2026-08-09T22:23:02+00:00 ok state=SWAPPED_SLOT_VALIDATION item=A1 item_state=RUNNING hb_age_s=30 worker_stall_s=267
2026-08-09T22:25:04+00:00 ok state=SWAPPED_SLOT_VALIDATION item=A1 item_state=RUNNING hb_age_s=30 worker_stall_s=389
2026-08-09T22:27:07+00:00 ok state=SWAPPED_SLOT_VALIDATION item=A1 item_state=RUNNING hb_age_s=31 worker_stall_s=512
2026-08-09T22:29:15+00:00 ok state=SWAPPED_SLOT_VALIDATION item=A2 item_state=WAITING_REGISTRATION hb_age_s=5 worker_stall_s=6
2026-08-09T22:31:25+00:00 ok state=SWAPPED_SLOT_VALIDATION item=A2 item_state=RUNNING hb_age_s=14 worker_stall_s=105
2026-08-09T22:33:35+00:00 ok state=SWAPPED_SLOT_VALIDATION item=A2 item_state=RUNNING hb_age_s=21 worker_stall_s=235
2026-08-09T22:35:41+00:00 ok state=SWAPPED_SLOT_VALIDATION item=A2 item_state=RUNNING hb_age_s=26 worker_stall_s=362
2026-08-09T22:37:48+00:00 ok state=SWAPPED_SLOT_VALIDATION item=A2 item_state=RUNNING hb_age_s=31 worker_stall_s=489
2026-08-09T22:39:50+00:00 ok state=SWAPPED_SLOT_VALIDATION item=A2 item_state=RUNNING hb_age_s=30 worker_stall_s=611
2026-08-09T22:41:51+00:00 ok state=SWAPPED_SLOT_VALIDATION item=A3 item_state=RUNNING hb_age_s=30 worker_stall_s=66
2026-08-09T22:43:53+00:00 ok state=SWAPPED_SLOT_VALIDATION item=A3 item_state=RUNNING hb_age_s=30 worker_stall_s=188
2026-08-09T22:45:56+00:00 ok state=SWAPPED_SLOT_VALIDATION item=A3 item_state=RUNNING hb_age_s=31 worker_stall_s=311
2026-08-09T22:47:58+00:00 ok state=SWAPPED_SLOT_VALIDATION item=A3 item_state=RUNNING hb_age_s=30 worker_stall_s=433
2026-08-09T22:50:00+00:00 ok state=SWAPPED_SLOT_VALIDATION item=A3 item_state=RUNNING hb_age_s=30 worker_stall_s=555
2026-08-09T22:52:15+00:00 ok state=SWAPPED_SLOT_VALIDATION item=B1 item_state=RUNNING hb_age_s=12 worker_stall_s=25
2026-08-09T22:54:25+00:00 ok state=SWAPPED_SLOT_VALIDATION item=B1 item_state=RUNNING hb_age_s=20 worker_stall_s=155
2026-08-09T22:56:35+00:00 ok state=SWAPPED_SLOT_VALIDATION item=B1 item_state=RUNNING hb_age_s=28 worker_stall_s=285
2026-08-09T22:58:39+00:00 ok state=SWAPPED_SLOT_VALIDATION item=B1 item_state=RUNNING hb_age_s=30 worker_stall_s=410
2026-08-09T23:00:41+00:00 ok state=SWAPPED_SLOT_VALIDATION item=B1 item_state=RUNNING hb_age_s=30 worker_stall_s=31
2026-08-09T23:02:43+00:00 ok state=SWAPPED_SLOT_VALIDATION item=B1 item_state=RETRY_PENDING hb_age_s=30 worker_stall_s=30
2026-08-09T23:04:46+00:00 ok state=SWAPPED_SLOT_VALIDATION item=B1 item_state=RUNNING hb_age_s=31 worker_stall_s=93
2026-08-09T23:06:47+00:00 ok state=SWAPPED_SLOT_VALIDATION item=B1 item_state=RUNNING hb_age_s=30 worker_stall_s=214
2026-08-09T23:08:50+00:00 ok state=SWAPPED_SLOT_VALIDATION item=B1 item_state=RUNNING hb_age_s=31 worker_stall_s=337
2026-08-09T23:10:51+00:00 ok state=SWAPPED_SLOT_VALIDATION item=B1 item_state=RUNNING hb_age_s=30 worker_stall_s=458
2026-08-09T23:12:54+00:00 ok state=SWAPPED_SLOT_VALIDATION item=B1 item_state=RUNNING hb_age_s=31 worker_stall_s=581
2026-08-09T23:14:56+00:00 ok state=SWAPPED_SLOT_VALIDATION item=B1 item_state=RETRY_PENDING hb_age_s=31 worker_stall_s=80
2026-08-09T23:17:05+00:00 ok state=SWAPPED_SLOT_VALIDATION item=B2 item_state=WAITING_REGISTRATION hb_age_s=8 worker_stall_s=116
2026-08-09T23:19:15+00:00 ok state=SWAPPED_SLOT_VALIDATION item=B2 item_state=WAITING_REGISTRATION hb_age_s=17 worker_stall_s=120
2026-08-09T23:21:25+00:00 ok state=SWAPPED_SLOT_VALIDATION item=B3 item_state=WAITING_REGISTRATION hb_age_s=27 worker_stall_s=120
2026-08-09T23:23:35+00:00 ok state=SWAPPED_SLOT_VALIDATION item=B3 item_state=WAITING_REGISTRATION hb_age_s=6 worker_stall_s=123
2026-08-09T23:25:45+00:00 ok state=COMPLETE item=B3 item_state=COMPLETE hb_age_s=14 worker_stall_s=131
2026-08-09T23:27:55+00:00 ok state=COMPLETE item=B3 item_state=COMPLETE hb_age_s=22 worker_stall_s=261
2026-08-09T23:30:05+00:00 ok state=COMPLETE item=B3 item_state=COMPLETE hb_age_s=30 worker_stall_s=391
2026-08-09T23:32:07+00:00 ok state=COMPLETE item=B3 item_state=COMPLETE hb_age_s=30 worker_stall_s=514
2026-08-09T23:34:09+00:00 ok state=COMPLETE item=B3 item_state=COMPLETE hb_age_s=30 worker_stall_s=636
2026-08-09T23:36:12+00:00 ok state=COMPLETE item=B3 item_state=COMPLETE hb_age_s=31 worker_stall_s=759
