2026-08-09T18:09:25+00:00 ok state=STARTING item=None item_state=SMOKE_SMOKE-LTE1 hb_age_s=18 worker_stall_s=48
2026-08-09T18:11:35+00:00 ok state=FOLLOWUP_LONG_STABILITY item=A1 item_state=WAITING_REGISTRATION hb_age_s=27 worker_stall_s=59
2026-08-09T18:13:39+00:00 ok state=FOLLOWUP_LONG_STABILITY item=A1 item_state=RUNNING hb_age_s=30 worker_stall_s=115
2026-08-09T18:15:41+00:00 ok state=FOLLOWUP_LONG_STABILITY item=A1 item_state=RUNNING hb_age_s=30 worker_stall_s=237
2026-08-09T18:17:43+00:00 ok state=FOLLOWUP_LONG_STABILITY item=A1 item_state=RUNNING hb_age_s=30 worker_stall_s=359
2026-08-09T18:19:45+00:00 ok state=FOLLOWUP_LONG_STABILITY item=A1 item_state=RUNNING hb_age_s=30 worker_stall_s=34
2026-08-09T18:21:48+00:00 ok state=FOLLOWUP_LONG_STABILITY item=A1 item_state=RUNNING hb_age_s=31 worker_stall_s=157
2026-08-09T18:23:50+00:00 ok state=FOLLOWUP_LONG_STABILITY item=A1 item_state=RUNNING hb_age_s=31 worker_stall_s=279
2026-08-09T18:25:52+00:00 ok state=FOLLOWUP_LONG_STABILITY item=A1 item_state=RUNNING hb_age_s=30 worker_stall_s=401
2026-08-09T18:27:54+00:00 ok state=FOLLOWUP_LONG_STABILITY item=A1 item_state=RUNNING hb_age_s=30 worker_stall_s=523
2026-08-09T18:30:05+00:00 ok state=FOLLOWUP_LONG_STABILITY item=A2 item_state=WAITING_REGISTRATION hb_age_s=8 worker_stall_s=20
2026-08-09T18:32:15+00:00 ok state=FOLLOWUP_LONG_STABILITY item=A2 item_state=RUNNING hb_age_s=16 worker_stall_s=119
2026-08-09T18:34:25+00:00 ok state=FOLLOWUP_LONG_STABILITY item=A2 item_state=RUNNING hb_age_s=24 worker_stall_s=249
2026-08-09T18:36:33+00:00 ok state=FOLLOWUP_LONG_STABILITY item=A2 item_state=RUNNING hb_age_s=30 worker_stall_s=378
2026-08-09T18:38:35+00:00 ok state=FOLLOWUP_LONG_STABILITY item=A2 item_state=RUNNING hb_age_s=29 worker_stall_s=499
2026-08-09T18:40:38+00:00 ok state=FOLLOWUP_LONG_STABILITY item=A2 item_state=RUNNING hb_age_s=30 worker_stall_s=622
2026-08-09T18:42:39+00:00 ok state=FOLLOWUP_LONG_STABILITY item=A3 item_state=RUNNING hb_age_s=30 worker_stall_s=81
2026-08-09T18:44:41+00:00 ok state=FOLLOWUP_LONG_STABILITY item=A3 item_state=RUNNING hb_age_s=30 worker_stall_s=203
2026-08-09T18:46:44+00:00 ok state=FOLLOWUP_LONG_STABILITY item=A3 item_state=RUNNING hb_age_s=31 worker_stall_s=326
2026-08-09T18:48:46+00:00 ok state=FOLLOWUP_LONG_STABILITY item=A3 item_state=RUNNING hb_age_s=30 worker_stall_s=448
2026-08-09T18:50:48+00:00 ok state=FOLLOWUP_LONG_STABILITY item=A3 item_state=RUNNING hb_age_s=30 worker_stall_s=570
2026-08-09T18:52:50+00:00 ok state=FOLLOWUP_LONG_STABILITY item=B1 item_state=WAITING_REGISTRATION hb_age_s=31 worker_stall_s=58
2026-08-09T18:54:52+00:00 ok state=FOLLOWUP_LONG_STABILITY item=B1 item_state=RUNNING hb_age_s=31 worker_stall_s=127
2026-08-09T18:56:54+00:00 ok state=FOLLOWUP_LONG_STABILITY item=B1 item_state=RUNNING hb_age_s=31 worker_stall_s=249
2026-08-09T18:58:56+00:00 ok state=FOLLOWUP_LONG_STABILITY item=B1 item_state=RUNNING hb_age_s=31 worker_stall_s=371
2026-08-09T19:00:58+00:00 ok state=FOLLOWUP_LONG_STABILITY item=B1 item_state=RUNNING hb_age_s=31 worker_stall_s=493
2026-08-09T19:03:00+00:00 ok state=FOLLOWUP_LONG_STABILITY item=B1 item_state=RUNNING hb_age_s=31 worker_stall_s=615
2026-08-09T19:05:02+00:00 ok state=FOLLOWUP_LONG_STABILITY item=B1 item_state=RUNNING hb_age_s=30 worker_stall_s=76
2026-08-09T19:07:04+00:00 ok state=FOLLOWUP_LONG_STABILITY item=B1 item_state=RUNNING hb_age_s=30 worker_stall_s=198
2026-08-09T19:09:06+00:00 ok state=FOLLOWUP_LONG_STABILITY item=B1 item_state=RUNNING hb_age_s=30 worker_stall_s=320
2026-08-09T19:11:08+00:00 ok state=FOLLOWUP_LONG_STABILITY item=B1 item_state=RUNNING hb_age_s=30 worker_stall_s=442
2026-08-09T19:13:10+00:00 ok state=FOLLOWUP_LONG_STABILITY item=B1 item_state=RUNNING hb_age_s=30 worker_stall_s=564
2026-08-09T19:15:12+00:00 ok state=FOLLOWUP_LONG_STABILITY item=B1 item_state=RETRY_PENDING hb_age_s=29 worker_stall_s=61
2026-08-09T19:17:14+00:00 ok state=FOLLOWUP_LONG_STABILITY item=B1 item_state=RUNNING hb_age_s=30 worker_stall_s=124
2026-08-09T19:19:17+00:00 ok state=FOLLOWUP_LONG_STABILITY item=B1 item_state=RUNNING hb_age_s=31 worker_stall_s=247
2026-08-09T19:21:19+00:00 ok state=FOLLOWUP_LONG_STABILITY item=B1 item_state=RUNNING hb_age_s=31 worker_stall_s=369
2026-08-09T19:23:21+00:00 ok state=FOLLOWUP_LONG_STABILITY item=B1 item_state=RUNNING hb_age_s=30 worker_stall_s=491
2026-08-09T19:25:23+00:00 ok state=FOLLOWUP_LONG_STABILITY item=B1 item_state=RUNNING hb_age_s=30 worker_stall_s=613
2026-08-09T19:27:25+00:00 ok state=FOLLOWUP_LONG_STABILITY item=B2 item_state=RUNNING hb_age_s=31 worker_stall_s=71
2026-08-09T19:29:27+00:00 ok state=FOLLOWUP_LONG_STABILITY item=B2 item_state=RUNNING hb_age_s=31 worker_stall_s=193
2026-08-09T19:31:29+00:00 ok state=FOLLOWUP_LONG_STABILITY item=B2 item_state=RUNNING hb_age_s=30 worker_stall_s=315
2026-08-09T19:33:31+00:00 ok state=FOLLOWUP_LONG_STABILITY item=B2 item_state=RUNNING hb_age_s=30 worker_stall_s=437
2026-08-09T19:35:34+00:00 ok state=FOLLOWUP_LONG_STABILITY item=B2 item_state=RUNNING hb_age_s=31 worker_stall_s=560
2026-08-09T19:37:35+00:00 ok state=FOLLOWUP_LONG_STABILITY item=B3 item_state=WAITING_REGISTRATION hb_age_s=29 worker_stall_s=47
2026-08-09T19:39:37+00:00 ok state=FOLLOWUP_LONG_STABILITY item=B3 item_state=RUNNING hb_age_s=30 worker_stall_s=139
2026-08-09T19:41:40+00:00 ok state=FOLLOWUP_LONG_STABILITY item=B3 item_state=RUNNING hb_age_s=31 worker_stall_s=262
2026-08-09T19:43:42+00:00 ok state=FOLLOWUP_LONG_STABILITY item=B3 item_state=RUNNING hb_age_s=30 worker_stall_s=384
2026-08-09T19:45:44+00:00 ok state=FOLLOWUP_LONG_STABILITY item=B3 item_state=RUNNING hb_age_s=30 worker_stall_s=506
2026-08-09T19:47:47+00:00 ok state=FOLLOWUP_LONG_STABILITY item=B3 item_state=RUNNING hb_age_s=31 worker_stall_s=629
2026-08-09T19:49:55+00:00 ok state=RESTORING_BANDS item=B3 item_state=COMPLETE hb_age_s=126 worker_stall_s=132
2026-08-09T19:52:05+00:00 restart ltap-mixed-lte6-followup.service: heartbeat stale age_s=256
2026-08-09T19:54:15+00:00 ok state=COMPLETE item=B3 item_state=STARTING hb_age_s=129 worker_stall_s=392
2026-08-09T19:56:25+00:00 restart ltap-mixed-lte6-followup.service: heartbeat stale age_s=259
2026-08-09T19:58:35+00:00 ok state=COMPLETE item=B3 item_state=STARTING hb_age_s=129 worker_stall_s=652
2026-08-09T20:00:45+00:00 restart ltap-mixed-lte6-followup.service: heartbeat stale age_s=259
2026-08-09T20:02:55+00:00 ok state=COMPLETE item=B3 item_state=STARTING hb_age_s=129 worker_stall_s=912
2026-08-09T20:05:05+00:00 restart ltap-mixed-lte6-followup.service: heartbeat stale age_s=259
2026-08-09T20:07:15+00:00 ok state=COMPLETE item=B3 item_state=STARTING hb_age_s=129 worker_stall_s=1172
2026-08-09T20:09:25+00:00 restart ltap-mixed-lte6-followup.service: heartbeat stale age_s=259
2026-08-09T20:11:35+00:00 ok state=COMPLETE item=B3 item_state=STARTING hb_age_s=129 worker_stall_s=1432
