Warm-up 5s...
Running: iperf3 -c 217.18.95.142 -p 5201 -4 -B 192.168.101.202 -t 120 -i 1 -J -u -b 6M -l 1200
Cool-down 10s...
{
  "test": {
    "collector_version": "0.4.2",
    "created_local": "2026-08-14T07:51:06+03:00",
    "created_utc": "2026-08-14T04:51:06.745+00:00",
    "tag": "B_lte2_6M_r1",
    "path": "lte2",
    "lte_interface": "lte2",
    "source_ip": "192.168.101.202",
    "linux_interface": "eno1",
    "server_hostname": "iperf-ams-nl.eranium.net",
    "server_ipv4": "217.18.95.142",
    "server_port": 5201,
    "port_probe": {
      "attempts": [
        {
          "port": 5201,
          "rc": 0,
          "stderr": "",
          "iperf_error": null,
          "bps": 3531587.4825496315
        }
      ]
    },
    "protocol": "udp",
    "direction": "upload",
    "duration_s": 120,
    "warmup_s": 5,
    "cooldown_s": 10,
    "target_bitrate": "6M",
    "packet_length": 1200,
    "routing_mode": "source_ip_lab_mode",
    "routing_table": "to-lte2",
    "source_rule_comment": "ELMO TEST: source via lte2",
    "allow_concurrent_other_lte": true
  },
  "iperf": {
    "bits_per_second": 4823170.46816921,
    "mbps": 4.823170468169209,
    "jitter_ms": 2.4241916419430547,
    "lost_packets": 14541,
    "packets": 75000,
    "lost_percent": 19.388
  },
  "ping": {
    "sent": 670,
    "received": 439,
    "loss_percent": 34.4776,
    "min_ms": 16.713,
    "avg_ms": 102.887,
    "max_ms": 142.167,
    "mdev_ms": 37.35,
    "p95_ms": 127.0,
    "sample_count": 439
  },
  "radio_target": {
    "rssi_median": -70.0,
    "rssi_min": -70.0,
    "rssi_max": -61.0,
    "rsrp_median": -102.0,
    "rsrp_min": -102.0,
    "rsrp_max": -102.0,
    "rsrq_median": -10.5,
    "rsrq_min": -10.5,
    "rsrq_max": -10.0,
    "sinr_median": 7.0,
    "sinr_min": 0.0,
    "sinr_max": 11.0,
    "cqi_median": 0.0,
    "cqi_min": 0.0,
    "cqi_max": 0.0,
    "ri_median": null,
    "ri_min": null,
    "ri_max": null,
    "primary_bands_seen": [
      "B3@20Mhz earfcn: 1344 phy-cellid: 66"
    ],
    "ca_bands_seen": [
      "B7@20Mhz earfcn: 3050 phy-cellid: 156"
    ],
    "ca_missing_samples": 0,
    "samples": 136,
    "statuses_seen": [
      "registered"
    ],
    "cell_changes": 0,
    "tx-byte_delta": 76000072,
    "rx-byte_delta": 70689,
    "tx-packet_delta": 61528,
    "rx-packet_delta": 769,
    "tx-queue-drop_delta": 14841
  },
  "radio_other": {
    "lte1": {
      "rssi_median": -56.0,
      "rssi_min": -63.0,
      "rssi_max": -56.0,
      "rsrp_median": -89.0,
      "rsrp_min": -139.0,
      "rsrp_max": -89.0,
      "rsrq_median": -14.0,
      "rsrq_min": -14.0,
      "rsrq_max": -10.0,
      "sinr_median": 5.0,
      "sinr_min": 4.0,
      "sinr_max": 15.0,
      "cqi_median": 0.0,
      "cqi_min": 0.0,
      "cqi_max": 12.0,
      "ri_median": 2.0,
      "ri_min": 2.0,
      "ri_max": 2.0,
      "primary_bands_seen": [
        "B1@15Mhz earfcn: 523 phy-cellid: 69",
        "B3@15Mhz earfcn: 1875 phy-cellid: 69"
      ],
      "ca_bands_seen": [],
      "ca_missing_samples": 136,
      "samples": 136,
      "statuses_seen": [
        "registered"
      ],
      "cell_changes": 0,
      "tx-byte_delta": 0,
      "rx-byte_delta": 216,
      "tx-packet_delta": 0,
      "rx-packet_delta": 4,
      "tx-queue-drop_delta": 0
    }
  },
  "source_rule": {
    "comment": "ELMO TEST: source via lte2",
    "before": {
      "comment": "ELMO TEST: source via lte2",
      "rc": 0,
      "raw": "982029\n555\n",
      "bytes": 982029,
      "packets": 555
    },
    "after": {
      "comment": "ELMO TEST: source via lte2",
      "rc": 0,
      "raw": "93139782\n76244\n",
      "bytes": 93139782,
      "packets": 76244
    },
    "bytes_delta": 92157753,
    "packets_delta": 75689
  },
  "path_verification": "PASS_CONCURRENT_OTHER_LTE",
  "events_count": 6
}

Saved: /home/madis/projects/ltap-lte-testbench/results-public/exp2b-stationary-20260814/runs/20260814-075106_B_lte2_6M_r1_lte2_udp_upload