Warm-up 5s...
Running: iperf3 -c 217.18.95.142 -p 5201 -4 -B 192.168.101.201 -t 120 -i 1 -J -u -b 6M -l 1200
Cool-down 10s...
{
  "test": {
    "collector_version": "0.4.2",
    "created_local": "2026-08-14T07:42:16+03:00",
    "created_utc": "2026-08-14T04:42:16.213+00:00",
    "tag": "B_lte1_6M_r1",
    "path": "lte1",
    "lte_interface": "lte1",
    "source_ip": "192.168.101.201",
    "linux_interface": "eno1",
    "server_hostname": "iperf-ams-nl.eranium.net",
    "server_ipv4": "217.18.95.142",
    "server_port": 5201,
    "port_probe": {
      "attempts": [
        {
          "port": 5201,
          "rc": 0,
          "stderr": "",
          "iperf_error": null,
          "bps": 4704210.28830659
        }
      ]
    },
    "protocol": "udp",
    "direction": "upload",
    "duration_s": 120,
    "warmup_s": 5,
    "cooldown_s": 10,
    "target_bitrate": "6M",
    "packet_length": 1200,
    "routing_mode": "source_ip_lab_mode",
    "routing_table": "to-lte1",
    "source_rule_comment": "ELMO TEST: source via lte1",
    "allow_concurrent_other_lte": true
  },
  "iperf": {
    "bits_per_second": 1960321.0907421473,
    "mbps": 1.9603210907421473,
    "jitter_ms": 8.426916833607514,
    "lost_packets": 44088,
    "packets": 68667,
    "lost_percent": 58.784
  },
  "ping": {
    "sent": 708,
    "received": 237,
    "loss_percent": 66.5254,
    "min_ms": 12.631,
    "avg_ms": 2627.215,
    "max_ms": 5102.956,
    "mdev_ms": 2307.489,
    "p95_ms": 5000.0,
    "sample_count": 237
  },
  "radio_target": {
    "rssi_median": -75.0,
    "rssi_min": -75.0,
    "rssi_max": -56.0,
    "rsrp_median": -103.0,
    "rsrp_min": -103.0,
    "rsrp_max": -87.0,
    "rsrq_median": -8.0,
    "rsrq_min": -13.5,
    "rsrq_max": -8.0,
    "sinr_median": 17.0,
    "sinr_min": 5.0,
    "sinr_max": 18.0,
    "cqi_median": 0.0,
    "cqi_min": 0.0,
    "cqi_max": 14.0,
    "ri_median": 2.0,
    "ri_min": 2.0,
    "ri_max": 2.0,
    "primary_bands_seen": [
      "B38@20Mhz earfcn: 37900 phy-cellid: 3",
      "B3@15Mhz earfcn: 1875 phy-cellid: 69"
    ],
    "ca_bands_seen": [
      "B38@20Mhz earfcn: 38098 phy-cellid: 3"
    ],
    "ca_missing_samples": 14,
    "samples": 146,
    "statuses_seen": [
      "registered"
    ],
    "cell_changes": 1,
    "tx-byte_delta": 75219223,
    "rx-byte_delta": 42202,
    "tx-packet_delta": 60910,
    "rx-packet_delta": 420,
    "tx-queue-drop_delta": 14879
  },
  "radio_other": {
    "lte2": {
      "rssi_median": -64.0,
      "rssi_min": -64.0,
      "rssi_max": -64.0,
      "rsrp_median": -94.0,
      "rsrp_min": -94.0,
      "rsrp_max": -94.0,
      "rsrq_median": -10.5,
      "rsrq_min": -10.5,
      "rsrq_max": -10.5,
      "sinr_median": 9.0,
      "sinr_min": 4.0,
      "sinr_max": 12.0,
      "cqi_median": 0.0,
      "cqi_min": 0.0,
      "cqi_max": 0.0,
      "ri_median": null,
      "ri_min": null,
      "ri_max": null,
      "primary_bands_seen": [
        "B3@20Mhz earfcn: 1344 phy-cellid: 66"
      ],
      "ca_bands_seen": [],
      "ca_missing_samples": 146,
      "samples": 146,
      "statuses_seen": [
        "registered"
      ],
      "cell_changes": 0,
      "tx-byte_delta": 0,
      "rx-byte_delta": 0,
      "tx-packet_delta": 0,
      "rx-packet_delta": 0,
      "tx-queue-drop_delta": 0
    }
  },
  "source_rule": {
    "comment": "ELMO TEST: source via lte1",
    "before": {
      "comment": "ELMO TEST: source via lte1",
      "rc": 0,
      "raw": "770261\n439\n",
      "bytes": 770261,
      "packets": 439
    },
    "after": {
      "comment": "ELMO TEST: source via lte1",
      "rc": 0,
      "raw": "92933354\n76172\n",
      "bytes": 92933354,
      "packets": 76172
    },
    "bytes_delta": 92163093,
    "packets_delta": 75733
  },
  "path_verification": "PASS_CONCURRENT_OTHER_LTE",
  "events_count": 4
}

Saved: /home/madis/projects/ltap-lte-testbench/results-public/exp2b-stationary-20260814/runs/20260814-074216_B_lte1_6M_r1_lte1_udp_upload