Warm-up 5s...
Running: iperf3 -c 217.18.95.142 -p 5202 -4 -B 192.168.101.201 -t 120 -i 1 -J -u -b 6M -l 1200
Cool-down 10s...
{
  "test": {
    "collector_version": "0.4.2",
    "created_local": "2026-08-14T08:24:20+03:00",
    "created_utc": "2026-08-14T05:24:20.625+00:00",
    "tag": "B_restart1_lte1_6M_r1",
    "path": "lte1",
    "lte_interface": "lte1",
    "source_ip": "192.168.101.201",
    "linux_interface": "eno1",
    "server_hostname": "iperf-ams-nl.eranium.net",
    "server_ipv4": "217.18.95.142",
    "server_port": 5202,
    "port_probe": {
      "attempts": [
        {
          "port": 5201,
          "rc": 1,
          "stderr": "",
          "iperf_error": "the server is busy running a test. try again later"
        },
        {
          "port": 5202,
          "rc": 0,
          "stderr": "",
          "iperf_error": null,
          "bps": 4729847.618377453
        }
      ]
    },
    "protocol": "udp",
    "direction": "upload",
    "duration_s": 120,
    "warmup_s": 5,
    "cooldown_s": 10,
    "target_bitrate": "6M",
    "packet_length": 1200,
    "routing_mode": "source_ip_lab_mode",
    "routing_table": "to-lte1",
    "source_rule_comment": "ELMO TEST: source via lte1",
    "allow_concurrent_other_lte": true
  },
  "iperf": {
    "bits_per_second": 4731941.7879168745,
    "mbps": 4.731941787916875,
    "jitter_ms": 4.0079551440754715,
    "lost_packets": 15766,
    "packets": 74998,
    "lost_percent": 21.021333333333335
  },
  "ping": {
    "sent": 666,
    "received": 356,
    "loss_percent": 46.5465,
    "min_ms": 13.527,
    "avg_ms": 102.908,
    "max_ms": 316.93,
    "mdev_ms": 42.035,
    "p95_ms": 134.0,
    "sample_count": 356
  },
  "radio_target": {
    "rssi_median": -59.0,
    "rssi_min": -62.0,
    "rssi_max": -56.0,
    "rsrp_median": -92.0,
    "rsrp_min": -92.0,
    "rsrp_max": -89.0,
    "rsrq_median": -13.5,
    "rsrq_min": -14.5,
    "rsrq_max": -10.0,
    "sinr_median": 8.0,
    "sinr_min": 2.0,
    "sinr_max": 14.0,
    "cqi_median": 11.0,
    "cqi_min": 9.0,
    "cqi_max": 14.0,
    "ri_median": 2.0,
    "ri_min": 1.0,
    "ri_max": 2.0,
    "primary_bands_seen": [
      "B1@15Mhz earfcn: 523 phy-cellid: 69",
      "B3@15Mhz earfcn: 1875 phy-cellid: 69"
    ],
    "ca_bands_seen": [],
    "ca_missing_samples": 136,
    "samples": 136,
    "statuses_seen": [
      "registered"
    ],
    "cell_changes": 0,
    "tx-byte_delta": 75908425,
    "rx-byte_delta": 57308,
    "tx-packet_delta": 61393,
    "rx-packet_delta": 695,
    "tx-queue-drop_delta": 14845
  },
  "radio_other": {
    "lte2": {
      "rssi_median": -61.0,
      "rssi_min": -64.0,
      "rssi_max": -61.0,
      "rsrp_median": -95.0,
      "rsrp_min": -95.0,
      "rsrp_max": -94.0,
      "rsrq_median": -12.0,
      "rsrq_min": -15.0,
      "rsrq_max": -9.5,
      "sinr_median": 8.0,
      "sinr_min": 5.0,
      "sinr_max": 14.0,
      "cqi_median": 0.0,
      "cqi_min": 0.0,
      "cqi_max": 0.0,
      "ri_median": null,
      "ri_min": null,
      "ri_max": null,
      "primary_bands_seen": [
        "B3@20Mhz earfcn: 1344 phy-cellid: 66"
      ],
      "ca_bands_seen": [],
      "ca_missing_samples": 136,
      "samples": 136,
      "statuses_seen": [
        "registered"
      ],
      "cell_changes": 0,
      "tx-byte_delta": 0,
      "rx-byte_delta": 0,
      "tx-packet_delta": 0,
      "rx-packet_delta": 0,
      "tx-queue-drop_delta": 0
    }
  },
  "source_rule": {
    "comment": "ELMO TEST: source via lte1",
    "before": {
      "comment": "ELMO TEST: source via lte1",
      "rc": 0,
      "raw": "279533004\n228787\n",
      "bytes": 279533004,
      "packets": 228787
    },
    "after": {
      "comment": "ELMO TEST: source via lte1",
      "rc": 0,
      "raw": "371690561\n304472\n",
      "bytes": 371690561,
      "packets": 304472
    },
    "bytes_delta": 92157557,
    "packets_delta": 75685
  },
  "path_verification": "PASS_CONCURRENT_OTHER_LTE",
  "events_count": 4
}

Saved: /home/madis/projects/ltap-lte-testbench/results-public/exp2b-stationary-20260814/runs/20260814-082420_B_restart1_lte1_6M_r1_lte1_udp_upload