Warm-up 5s...
Running: iperf3 -c 217.18.95.142 -p 5202 -4 -B 192.168.101.202 -t 300 -i 1 -J -u -b 6M -l 1200
Cool-down 10s...
{
  "test": {
    "collector_version": "0.4.2",
    "created_local": "2026-08-14T09:09:15+03:00",
    "created_utc": "2026-08-14T06:09:15.401+00:00",
    "tag": "C_dual_6M_r1",
    "path": "lte2",
    "lte_interface": "lte2",
    "source_ip": "192.168.101.202",
    "linux_interface": "eno1",
    "server_hostname": "iperf-ams-nl.eranium.net",
    "server_ipv4": "217.18.95.142",
    "server_port": 5202,
    "port_probe": {
      "attempts": [
        {
          "port": 5202,
          "rc": 0,
          "stderr": "",
          "iperf_error": null,
          "bps": 3928358.0859399512
        }
      ]
    },
    "protocol": "udp",
    "direction": "upload",
    "duration_s": 300,
    "warmup_s": 5,
    "cooldown_s": 10,
    "target_bitrate": "6M",
    "packet_length": 1200,
    "routing_mode": "source_ip_lab_mode",
    "routing_table": "to-lte2",
    "source_rule_comment": "ELMO TEST: source via lte2",
    "allow_concurrent_other_lte": true
  },
  "iperf": {
    "bits_per_second": 4830352.485078663,
    "mbps": 4.830352485078663,
    "jitter_ms": 2.268925072420352,
    "lost_packets": 36517,
    "packets": 187497,
    "lost_percent": 19.475733333333334
  },
  "ping": {
    "sent": 1538,
    "received": 558,
    "loss_percent": 63.7191,
    "min_ms": 14.724,
    "avg_ms": 32.171,
    "max_ms": 240.732,
    "mdev_ms": 28.979,
    "p95_ms": 37.4,
    "sample_count": 558
  },
  "radio_target": {
    "rssi_median": -67.0,
    "rssi_min": -68.0,
    "rssi_max": -61.0,
    "rsrp_median": -99.0,
    "rsrp_min": -102.0,
    "rsrp_max": -94.0,
    "rsrq_median": -11.0,
    "rsrq_min": -12.0,
    "rsrq_max": -10.5,
    "sinr_median": 5.0,
    "sinr_min": -1.0,
    "sinr_max": 7.0,
    "cqi_median": 0.0,
    "cqi_min": 0.0,
    "cqi_max": 0.0,
    "ri_median": null,
    "ri_min": null,
    "ri_max": null,
    "primary_bands_seen": [
      "B3@20Mhz earfcn: 1344 phy-cellid: 66"
    ],
    "ca_bands_seen": [
      "B20@10Mhz earfcn: 6300 phy-cellid: 364"
    ],
    "ca_missing_samples": 1,
    "samples": 316,
    "statuses_seen": [
      "registered"
    ],
    "cell_changes": 0,
    "tx-byte_delta": 188290183,
    "rx-byte_delta": 78993,
    "tx-packet_delta": 152067,
    "rx-packet_delta": 863,
    "tx-queue-drop_delta": 37514
  },
  "radio_other": {
    "lte1": {
      "rssi_median": -63.0,
      "rssi_min": -66.0,
      "rssi_max": -57.0,
      "rsrp_median": -94.0,
      "rsrp_min": -96.0,
      "rsrp_max": -89.0,
      "rsrq_median": -11.5,
      "rsrq_min": -13.0,
      "rsrq_max": -8.0,
      "sinr_median": 11.0,
      "sinr_min": 2.0,
      "sinr_max": 16.0,
      "cqi_median": 11.0,
      "cqi_min": 0.0,
      "cqi_max": 13.0,
      "ri_median": 2.0,
      "ri_min": 1.0,
      "ri_max": 2.0,
      "primary_bands_seen": [
        "B3@15Mhz earfcn: 1875 phy-cellid: 69",
        "B7@20Mhz earfcn: 2850 phy-cellid: 69"
      ],
      "ca_bands_seen": [],
      "ca_missing_samples": 316,
      "samples": 316,
      "statuses_seen": [
        "registered"
      ],
      "cell_changes": 0,
      "tx-byte_delta": 101071104,
      "rx-byte_delta": 61475,
      "tx-packet_delta": 81627,
      "rx-packet_delta": 682,
      "tx-queue-drop_delta": 20025
    }
  },
  "source_rule": {
    "comment": "ELMO TEST: source via lte2",
    "before": {
      "comment": "ELMO TEST: source via lte2",
      "rc": 0,
      "raw": "466959570\n381758\n",
      "bytes": 466959570,
      "packets": 381758
    },
    "after": {
      "comment": "ELMO TEST: source via lte2",
      "rc": 0,
      "raw": "697340184\n570814\n",
      "bytes": 697340184,
      "packets": 570814
    },
    "bytes_delta": 230380614,
    "packets_delta": 189056
  },
  "path_verification": "PASS_CONCURRENT_OTHER_LTE",
  "events_count": 16
}

Saved: /home/madis/projects/ltap-lte-testbench/results-public/exp2b-stationary-20260814/runs/20260814-090915_C_dual_6M_r1_lte2_udp_upload