Warm-up 5s...
Running: iperf3 -c 217.18.95.142 -p 5201 -4 -B 192.168.101.201 -t 120 -i 1 -J -u -b 6M -l 1200
Cool-down 10s...
{
  "test": {
    "collector_version": "0.4.2",
    "created_local": "2026-08-14T08:57:36+03:00",
    "created_utc": "2026-08-14T05:57:36.709+00:00",
    "tag": "C_lte1_6M_r3",
    "path": "lte1",
    "lte_interface": "lte1",
    "source_ip": "192.168.101.201",
    "linux_interface": "eno1",
    "server_hostname": "iperf-ams-nl.eranium.net",
    "server_ipv4": "217.18.95.142",
    "server_port": 5201,
    "port_probe": {
      "attempts": [
        {
          "port": 5201,
          "rc": 0,
          "stderr": "",
          "iperf_error": null,
          "bps": 4011814.578455229
        }
      ]
    },
    "protocol": "udp",
    "direction": "upload",
    "duration_s": 120,
    "warmup_s": 5,
    "cooldown_s": 10,
    "target_bitrate": "6M",
    "packet_length": 1200,
    "routing_mode": "source_ip_lab_mode",
    "routing_table": "to-lte1",
    "source_rule_comment": "ELMO TEST: source via lte1",
    "allow_concurrent_other_lte": true
  },
  "iperf": {
    "bits_per_second": 4830105.077584228,
    "mbps": 4.830105077584228,
    "jitter_ms": 1.896905584834985,
    "lost_packets": 14594,
    "packets": 75000,
    "lost_percent": 19.458666666666666
  },
  "ping": {
    "sent": 670,
    "received": 507,
    "loss_percent": 24.3284,
    "min_ms": 12.583,
    "avg_ms": 34.983,
    "max_ms": 243.11,
    "mdev_ms": 29.489,
    "p95_ms": 58.9,
    "sample_count": 507
  },
  "radio_target": {
    "rssi_median": -66.0,
    "rssi_min": -66.0,
    "rssi_max": -63.0,
    "rsrp_median": -95.0,
    "rsrp_min": -95.0,
    "rsrp_max": -94.0,
    "rsrq_median": -8.0,
    "rsrq_min": -12.0,
    "rsrq_max": -8.0,
    "sinr_median": 14.0,
    "sinr_min": 10.0,
    "sinr_max": 16.0,
    "cqi_median": 12.0,
    "cqi_min": 0.0,
    "cqi_max": 13.0,
    "ri_median": 2.0,
    "ri_min": 2.0,
    "ri_max": 2.0,
    "primary_bands_seen": [
      "B7@20Mhz earfcn: 2850 phy-cellid: 69"
    ],
    "ca_bands_seen": [],
    "ca_missing_samples": 136,
    "samples": 136,
    "statuses_seen": [
      "registered"
    ],
    "cell_changes": 0,
    "tx-byte_delta": 75737497,
    "rx-byte_delta": 71859,
    "tx-packet_delta": 61404,
    "rx-packet_delta": 806,
    "tx-queue-drop_delta": 14766
  },
  "radio_other": {
    "lte2": {
      "rssi_median": -64.0,
      "rssi_min": -64.0,
      "rssi_max": -61.0,
      "rsrp_median": -95.0,
      "rsrp_min": -95.0,
      "rsrp_max": -94.0,
      "rsrq_median": -10.0,
      "rsrq_min": -11.5,
      "rsrq_max": -10.0,
      "sinr_median": 9.0,
      "sinr_min": 3.0,
      "sinr_max": 13.0,
      "cqi_median": 0.0,
      "cqi_min": 0.0,
      "cqi_max": 0.0,
      "ri_median": null,
      "ri_min": null,
      "ri_max": null,
      "primary_bands_seen": [
        "B3@20Mhz earfcn: 1344 phy-cellid: 66"
      ],
      "ca_bands_seen": [],
      "ca_missing_samples": 136,
      "samples": 136,
      "statuses_seen": [
        "registered"
      ],
      "cell_changes": 0,
      "tx-byte_delta": 0,
      "rx-byte_delta": 0,
      "tx-packet_delta": 0,
      "rx-packet_delta": 0,
      "tx-queue-drop_delta": 0
    }
  },
  "source_rule": {
    "comment": "ELMO TEST: source via lte1",
    "before": {
      "comment": "ELMO TEST: source via lte1",
      "rc": 0,
      "raw": "743924785\n609285\n",
      "bytes": 743924785,
      "packets": 609285
    },
    "after": {
      "comment": "ELMO TEST: source via lte1",
      "rc": 0,
      "raw": "836082486\n684973\n",
      "bytes": 836082486,
      "packets": 684973
    },
    "bytes_delta": 92157701,
    "packets_delta": 75688
  },
  "path_verification": "PASS_CONCURRENT_OTHER_LTE",
  "events_count": 0
}

Saved: /home/madis/projects/ltap-lte-testbench/results-public/exp2b-stationary-20260814/runs/20260814-085736_C_lte1_6M_r3_lte1_udp_upload