Warm-up 5s...
Running: iperf3 -c 217.18.95.142 -p 5202 -4 -B 192.168.101.202 -t 120 -i 1 -J -u -b 6M -l 1200
Cool-down 10s...
{
  "test": {
    "collector_version": "0.4.2",
    "created_local": "2026-08-14T09:06:20+03:00",
    "created_utc": "2026-08-14T06:06:20.428+00:00",
    "tag": "C_lte2_6M_r3",
    "path": "lte2",
    "lte_interface": "lte2",
    "source_ip": "192.168.101.202",
    "linux_interface": "eno1",
    "server_hostname": "iperf-ams-nl.eranium.net",
    "server_ipv4": "217.18.95.142",
    "server_port": 5202,
    "port_probe": {
      "attempts": [
        {
          "port": 5201,
          "rc": 1,
          "stderr": "",
          "iperf_error": "unable to receive control message - port may not be available, the other side may have stopped running, etc.: Connection reset by peer"
        },
        {
          "port": 5202,
          "rc": 0,
          "stderr": "",
          "iperf_error": null,
          "bps": 3995526.5539414147
        }
      ]
    },
    "protocol": "udp",
    "direction": "upload",
    "duration_s": 120,
    "warmup_s": 5,
    "cooldown_s": 10,
    "target_bitrate": "6M",
    "packet_length": 1200,
    "routing_mode": "source_ip_lab_mode",
    "routing_table": "to-lte2",
    "source_rule_comment": "ELMO TEST: source via lte2",
    "allow_concurrent_other_lte": true
  },
  "iperf": {
    "bits_per_second": 4830263.507875428,
    "mbps": 4.8302635078754275,
    "jitter_ms": 2.474153956254035,
    "lost_packets": 14587,
    "packets": 74997,
    "lost_percent": 19.449333333333332
  },
  "ping": {
    "sent": 667,
    "received": 425,
    "loss_percent": 36.2819,
    "min_ms": 16.535,
    "avg_ms": 34.35,
    "max_ms": 241.1,
    "mdev_ms": 32.083,
    "p95_ms": 40.9,
    "sample_count": 425
  },
  "radio_target": {
    "rssi_median": -70.0,
    "rssi_min": -70.0,
    "rssi_max": -60.0,
    "rsrp_median": -102.0,
    "rsrp_min": -102.0,
    "rsrp_max": -102.0,
    "rsrq_median": -11.5,
    "rsrq_min": -13.0,
    "rsrq_max": -11.5,
    "sinr_median": 1.0,
    "sinr_min": -3.0,
    "sinr_max": 7.0,
    "cqi_median": 0.0,
    "cqi_min": 0.0,
    "cqi_max": 0.0,
    "ri_median": null,
    "ri_min": null,
    "ri_max": null,
    "primary_bands_seen": [
      "B3@20Mhz earfcn: 1344 phy-cellid: 66"
    ],
    "ca_bands_seen": [
      "B7@20Mhz earfcn: 3248 phy-cellid: 171"
    ],
    "ca_missing_samples": 0,
    "samples": 136,
    "statuses_seen": [
      "registered"
    ],
    "cell_changes": 0,
    "tx-byte_delta": 75735471,
    "rx-byte_delta": 58936,
    "tx-packet_delta": 61330,
    "rx-packet_delta": 669,
    "tx-queue-drop_delta": 14832
  },
  "radio_other": {
    "lte1": {
      "rssi_median": -55.0,
      "rssi_min": -55.0,
      "rssi_max": -53.0,
      "rsrp_median": -90.0,
      "rsrp_min": -139.0,
      "rsrp_max": -88.0,
      "rsrq_median": -14.5,
      "rsrq_min": -16.0,
      "rsrq_max": -13.5,
      "sinr_median": 4.0,
      "sinr_min": -6.0,
      "sinr_max": 5.0,
      "cqi_median": 0.0,
      "cqi_min": 0.0,
      "cqi_max": 0.0,
      "ri_median": null,
      "ri_min": null,
      "ri_max": null,
      "primary_bands_seen": [
        "B3@15Mhz earfcn: 1875 phy-cellid: 69"
      ],
      "ca_bands_seen": [],
      "ca_missing_samples": 136,
      "samples": 136,
      "statuses_seen": [
        "registered"
      ],
      "cell_changes": 0,
      "tx-byte_delta": 0,
      "rx-byte_delta": 0,
      "tx-packet_delta": 0,
      "rx-packet_delta": 0,
      "tx-queue-drop_delta": 0
    }
  },
  "source_rule": {
    "comment": "ELMO TEST: source via lte2",
    "before": {
      "comment": "ELMO TEST: source via lte2",
      "rc": 0,
      "raw": "374080543\n305713\n",
      "bytes": 374080543,
      "packets": 305713
    },
    "after": {
      "comment": "ELMO TEST: source via lte2",
      "rc": 0,
      "raw": "466237991\n381398\n",
      "bytes": 466237991,
      "packets": 381398
    },
    "bytes_delta": 92157448,
    "packets_delta": 75685
  },
  "path_verification": "PASS_CONCURRENT_OTHER_LTE",
  "events_count": 14
}

Saved: /home/madis/projects/ltap-lte-testbench/results-public/exp2b-stationary-20260814/runs/20260814-090620_C_lte2_6M_r3_lte2_udp_upload